Archive member included to satisfy reference by file (symbol)

app/libapp.a(iolink_smi.c.obj)
                              (--whole-archive)
app/libapp.a(iolink_handler.c.obj)
                              (--whole-archive)
app/libapp.a(iol_master_sample_app.c.obj)
                              (--whole-archive)
zephyr/libzephyr.a(cpp_init.c.obj)
                              (--whole-archive)
zephyr/libzephyr.a(cpp_init_array.c.obj)
                              (--whole-archive)
zephyr/libzephyr.a(cpp_ctors.c.obj)
                              (--whole-archive)
zephyr/libzephyr.a(cpp_dtors.c.obj)
                              (--whole-archive)
zephyr/libzephyr.a(cpp_virtual.c.obj)
                              (--whole-archive)
zephyr/libzephyr.a(cpp_vtable.cpp.obj)
                              (--whole-archive)
zephyr/libzephyr.a(cpp_new.cpp.obj)
                              (--whole-archive)
zephyr/libzephyr.a(heap.c.obj)
                              (--whole-archive)
zephyr/libzephyr.a(cbprintf_packaged.c.obj)
                              (--whole-archive)
zephyr/libzephyr.a(printk.c.obj)
                              (--whole-archive)
zephyr/libzephyr.a(sem.c.obj)
                              (--whole-archive)
zephyr/libzephyr.a(thread_entry.c.obj)
                              (--whole-archive)
zephyr/libzephyr.a(cbprintf_complete.c.obj)
                              (--whole-archive)
zephyr/libzephyr.a(cbprintf.c.obj)
                              (--whole-archive)
zephyr/libzephyr.a(assert.c.obj)
                              (--whole-archive)
zephyr/libzephyr.a(mpsc_pbuf.c.obj)
                              (--whole-archive)
zephyr/libzephyr.a(dec.c.obj)
                              (--whole-archive)
zephyr/libzephyr.a(hex.c.obj)
                              (--whole-archive)
zephyr/libzephyr.a(rb.c.obj)  (--whole-archive)
zephyr/libzephyr.a(timeutil.c.obj)
                              (--whole-archive)
zephyr/libzephyr.a(bitarray.c.obj)
                              (--whole-archive)
zephyr/libzephyr.a(onoff.c.obj)
                              (--whole-archive)
zephyr/libzephyr.a(notify.c.obj)
                              (--whole-archive)
zephyr/libzephyr.a(configs.c.obj)
                              (--whole-archive)
zephyr/libzephyr.a(log_core.c.obj)
                              (--whole-archive)
zephyr/libzephyr.a(log_mgmt.c.obj)
                              (--whole-archive)
zephyr/libzephyr.a(log_cache.c.obj)
                              (--whole-archive)
zephyr/libzephyr.a(log_msg.c.obj)
                              (--whole-archive)
zephyr/libzephyr.a(log_output.c.obj)
                              (--whole-archive)
zephyr/libzephyr.a(log_backend_rtt.c.obj)
                              (--whole-archive)
zephyr/libzephyr.a(log_backend_uart.c.obj)
                              (--whole-archive)
zephyr/libzephyr.a(mem_attr.c.obj)
                              (--whole-archive)
zephyr/libzephyr.a(tracing_none.c.obj)
                              (--whole-archive)
zephyr/arch/common/libarch__common.a(sw_isr_common.c.obj)
                              (--whole-archive)
zephyr/arch/arch/arm/core/libarch__arm__core.a(fatal.c.obj)
                              (--whole-archive)
zephyr/arch/arch/arm/core/libarch__arm__core.a(nmi.c.obj)
                              (--whole-archive)
zephyr/arch/arch/arm/core/libarch__arm__core.a(nmi_on_reset.S.obj)
                              (--whole-archive)
zephyr/arch/arch/arm/core/libarch__arm__core.a(__aeabi_atexit.c.obj)
                              (--whole-archive)
zephyr/arch/arch/arm/core/cortex_m/libarch__arm__core__cortex_m.a(exc_exit.c.obj)
                              (--whole-archive)
zephyr/arch/arch/arm/core/cortex_m/libarch__arm__core__cortex_m.a(fault.c.obj)
                              (--whole-archive)
zephyr/arch/arch/arm/core/cortex_m/libarch__arm__core__cortex_m.a(fault_s.S.obj)
                              (--whole-archive)
zephyr/arch/arch/arm/core/cortex_m/libarch__arm__core__cortex_m.a(fpu.c.obj)
                              (--whole-archive)
zephyr/arch/arch/arm/core/cortex_m/libarch__arm__core__cortex_m.a(reset.S.obj)
                              (--whole-archive)
zephyr/arch/arch/arm/core/cortex_m/libarch__arm__core__cortex_m.a(scb.c.obj)
                              (--whole-archive)
zephyr/arch/arch/arm/core/cortex_m/libarch__arm__core__cortex_m.a(thread_abort.c.obj)
                              (--whole-archive)
zephyr/arch/arch/arm/core/cortex_m/libarch__arm__core__cortex_m.a(vector_table.S.obj)
                              (--whole-archive)
zephyr/arch/arch/arm/core/cortex_m/libarch__arm__core__cortex_m.a(swap.c.obj)
                              (--whole-archive)
zephyr/arch/arch/arm/core/cortex_m/libarch__arm__core__cortex_m.a(swap_helper.S.obj)
                              (--whole-archive)
[...]
Memory Configuration

Name             Origin             Length             Attributes
FLASH            0x0000000000000000 0x0000000000080000 xr
RAM              0x0000000020000000 0x0000000000020000 xw
IDT_LIST         0x00000000ffff7fff 0x0000000000008000 xw
*default*        0x0000000000000000 0xffffffffffffffff

Linker script and memory map

LOAD zephyr/CMakeFiles/zephyr_pre0.dir/misc/empty_file.c.obj
LOAD zephyr/CMakeFiles/offsets.dir/./arch/arm/core/offsets/offsets.c.obj
LOAD app/libapp.a
LOAD zephyr/libzephyr.a
LOAD zephyr/arch/common/libarch__common.a
LOAD zephyr/arch/arch/arm/core/libarch__arm__core.a
LOAD zephyr/arch/arch/arm/core/cortex_m/libarch__arm__core__cortex_m.a
LOAD zephyr/arch/arch/arm/core/mpu/libarch__arm__core__mpu.a
LOAD zephyr/lib/libc/minimal/liblib__libc__minimal.a
LOAD zephyr/lib/libc/common/liblib__libc__common.a
LOAD zephyr/soc/soc/nrf52833/libsoc__nordic.a
LOAD zephyr/drivers/clock_control/libdrivers__clock_control.a
LOAD zephyr/drivers/console/libdrivers__console.a
LOAD zephyr/drivers/gpio/libdrivers__gpio.a
LOAD zephyr/drivers/pinctrl/libdrivers__pinctrl.a
LOAD zephyr/drivers/serial/libdrivers__serial.a
LOAD zephyr/drivers/spi/libdrivers__spi.a
LOAD zephyr/drivers/timer/libdrivers__timer.a
LOAD modules/hal_nordic/nrfx/libmodules__hal_nordic__nrfx.a
LOAD modules/segger/libmodules__segger.a
LOAD modules/iolink/libiolink_master.a
LOAD zephyr/kernel/libkernel.a
LOAD c:/opt/zephyr/zephyr-sdk-0.16.5-1/arm-zephyr-eabi/bin/../lib/gcc/arm-zephyr-eabi/12.2.0/thumb/v7e-m/nofp\libgcc.a
LOAD zephyr/arch/common/libisr_tables.a
                0x0000000000000020                _region_min_align = 0x20

.rel.plt        0x0000000000000000        0x0
 *(SORT_BY_ALIGNMENT(.rel.plt))
                [!provide]                        PROVIDE (__rel_iplt_start = .)
 *(SORT_BY_ALIGNMENT(.rel.iplt))
 .rel.iplt      0x0000000000000000        0x0 app/libapp.a(iolink_smi.c.obj)
                [!provide]                        PROVIDE (__rel_iplt_end = .)

.rela.plt       0x0000000000000000        0x0
 *(SORT_BY_ALIGNMENT(.rela.plt))
                [!provide]                        PROVIDE (__rela_iplt_start = .)
 *(SORT_BY_ALIGNMENT(.rela.iplt))
                [!provide]                        PROVIDE (__rela_iplt_end = .)

.rel.dyn
 *(SORT_BY_ALIGNMENT(.rel.*))

.rela.dyn
 *(SORT_BY_ALIGNMENT(.rela.*))

/DISCARD/
 *(SORT_BY_ALIGNMENT(.plt))

/DISCARD/
 *(SORT_BY_ALIGNMENT(.iplt))
                0x0000000000000000                __rom_region_start = 0x0

rom_start       0x0000000000000000      0x100
                0x0000000000000000                __rom_start_address = .
 FILL mask 0x00
                0x0000000000000000                . = (. + (0x0 - (. - __rom_start_address)))
                0x0000000000000000                . = ALIGN (0x4)
                0x0000000000000000                . = ALIGN (0x80)
                0x0000000000000000                . = ALIGN (0x100)
                0x0000000000000000                _vector_start = .
 *(SORT_BY_ALIGNMENT(.exc_vector_table))
 *(SORT_BY_ALIGNMENT(.exc_vector_table.*))
 .exc_vector_table._vector_table_section
                0x0000000000000000       0x40 zephyr/arch/arch/arm/core/cortex_m/libarch__arm__core__cortex_m.a(vector_table.S.obj)
                0x0000000000000000                _vector_table
 *(SORT_BY_ALIGNMENT(.vectors))
                0x0000000000000100                _vector_end = .
                0x0000000000000040                . = ALIGN (0x4)
 *(SORT_BY_ALIGNMENT(.gnu.linkonce.irq_vector_table*))
 .gnu.linkonce.irq_vector_table
                0x0000000000000040       0xc0 zephyr/arch/common/libisr_tables.a(isr_tables.c.obj)
                0x0000000000000040                _irq_vector_table
                0x0000000000000100                _vector_end = .

text            0x0000000000000100    0x13340
                0x0000000000000100                __text_region_start = .
 *(SORT_BY_ALIGNMENT(.text))
 .text          0x0000000000000100       0x30 c:/opt/zephyr/zephyr-sdk-0.16.5-1/arm-zephyr-eabi/bin/../lib/gcc/arm-zephyr-eabi/12.2.0/thumb/v7e-m/nofp\libgcc.a(_aeabi_uldivmod.o)
                0x0000000000000100                __aeabi_uldivmod
 .text          0x0000000000000130        0x4 c:/opt/zephyr/zephyr-sdk-0.16.5-1/arm-zephyr-eabi/bin/../lib/gcc/arm-zephyr-eabi/12.2.0/thumb/v7e-m/nofp\libgcc.a(_dvmd_tls.o)
                0x0000000000000130                __aeabi_idiv0
                0x0000000000000130                __aeabi_ldiv0
 .text          0x0000000000000134      0x2a0 c:/opt/zephyr/zephyr-sdk-0.16.5-1/arm-zephyr-eabi/bin/../lib/gcc/arm-zephyr-eabi/12.2.0/thumb/v7e-m/nofp\libgcc.a(_udivmoddi4.o)
                0x0000000000000134                __udivmoddi4
 *(SORT_BY_ALIGNMENT(.text.*))
 .text.iolink_retry_estcom
                0x00000000000003d4       0x24 app/libapp.a(iolink_handler.c.obj)
 .text.PD_cb    0x00000000000003f8       0x40 app/libapp.a(iolink_handler.c.obj)
 .text.generic_app
                0x0000000000000438       0x2c app/libapp.a(iolink_handler.c.obj)
                0x0000000000000438                generic_app
 .text.SMI_cnf_cb
                0x0000000000000464      0x420 app/libapp.a(iolink_handler.c.obj)
 .text.wait_for_cnf
                0x0000000000000884       0x80 app/libapp.a(iolink_handler.c.obj)
                0x0000000000000884                wait_for_cnf
 .text.iolink_handler
                0x0000000000000904      0x5c4 app/libapp.a(iolink_handler.c.obj)
                0x0000000000000904                iolink_handler
 .text.main     0x0000000000000ec8      0x12c app/libapp.a(iol_master_sample_app.c.obj)
                0x0000000000000ec8                main
 .text.__do_init_array_aux
                0x0000000000000ff4       0x1c zephyr/libzephyr.a(cpp_init_array.c.obj)
                0x0000000000000ff4                __do_init_array_aux
 .text.__do_global_ctors_aux
                0x0000000000001010       0x1c zephyr/libzephyr.a(cpp_ctors.c.obj)
                0x0000000000001010                __do_global_ctors_aux
 .text.sys_heap_free
                0x000000000000102c       0x8c zephyr/libzephyr.a(heap.c.obj)
                0x000000000000102c                sys_heap_free
 .text.sys_heap_aligned_alloc
                0x00000000000010b8      0x108 zephyr/libzephyr.a(heap.c.obj)
                0x00000000000010b8                sys_heap_aligned_alloc
 .text.sys_heap_init
                0x00000000000011c0      0x118 zephyr/libzephyr.a(heap.c.obj)
                0x00000000000011c0                sys_heap_init
 .text.cbvprintf_package
                0x00000000000012d8      0x42c zephyr/libzephyr.a(cbprintf_packaged.c.obj)
                0x00000000000012d8                cbvprintf_package
 .text.cbprintf_package_convert
                0x0000000000001704      0x460 zephyr/libzephyr.a(cbprintf_packaged.c.obj)
                0x0000000000001704                cbprintf_package_convert
 .text.__printk_hook_install
                0x0000000000001b64        0xc zephyr/libzephyr.a(printk.c.obj)
                0x0000000000001b64                __printk_hook_install
 .text.vsnprintk
                0x0000000000001b70       0x2c zephyr/libzephyr.a(printk.c.obj)
                0x0000000000001b70                vsnprintk
 .text.z_cbvprintf_impl
                0x0000000000001b9c      0x764 zephyr/libzephyr.a(cbprintf_complete.c.obj)
                0x0000000000001b9c                z_cbvprintf_impl
 .text.mpsc_pbuf_init
                0x0000000000002300       0x64 zephyr/libzephyr.a(mpsc_pbuf.c.obj)
                0x0000000000002300                mpsc_pbuf_init
 .text.mpsc_pbuf_alloc
                0x0000000000002364      0x184 zephyr/libzephyr.a(mpsc_pbuf.c.obj)
                0x0000000000002364                mpsc_pbuf_alloc
 .text.mpsc_pbuf_commit
                0x00000000000024e8       0xb0 zephyr/libzephyr.a(mpsc_pbuf.c.obj)
                0x00000000000024e8                mpsc_pbuf_commit
 .text.mpsc_pbuf_claim
                0x0000000000002598      0x110 zephyr/libzephyr.a(mpsc_pbuf.c.obj)
                0x0000000000002598                mpsc_pbuf_claim
 .text.mpsc_pbuf_free
                0x00000000000026a8       0xe4 zephyr/libzephyr.a(mpsc_pbuf.c.obj)
                0x00000000000026a8                mpsc_pbuf_free
 .text.process_event
                0x000000000000278c      0x3ac zephyr/libzephyr.a(onoff.c.obj)
 .text.transition_complete
                0x0000000000002b38       0x64 zephyr/libzephyr.a(onoff.c.obj)
 .text.onoff_request
                0x0000000000002b9c      0x130 zephyr/libzephyr.a(onoff.c.obj)
                0x0000000000002b9c                onoff_request
 .text.sys_notify_finalize
                0x0000000000002ccc       0x40 zephyr/libzephyr.a(notify.c.obj)
                0x0000000000002ccc                sys_notify_finalize
 .text.enable_logger
                0x0000000000002d0c       0x5c zephyr/libzephyr.a(log_core.c.obj)
 .text.activate_foreach_backend
                0x0000000000002d68       0x64 zephyr/libzephyr.a(log_core.c.obj)
 .text.z_log_init
                0x0000000000002dcc       0xe0 zephyr/libzephyr.a(log_core.c.obj)
 .text.log_process_thread_timer_expiry_fn
                0x0000000000002eac        0xc zephyr/libzephyr.a(log_core.c.obj)
 .text.log_format_func_t_get
                0x0000000000002eb8        0xc zephyr/libzephyr.a(log_core.c.obj)
                0x0000000000002eb8                log_format_func_t_get
 .text.log_set_timestamp_func
                0x0000000000002ec4       0x20 zephyr/libzephyr.a(log_core.c.obj)
                0x0000000000002ec4                log_set_timestamp_func
 .text.z_log_notify_backend_enabled
                0x0000000000002ee4       0x1c zephyr/libzephyr.a(log_core.c.obj)
                0x0000000000002ee4                z_log_notify_backend_enabled
 .text.z_log_dropped
                0x0000000000002f00       0x30 zephyr/libzephyr.a(log_core.c.obj)
                0x0000000000002f00                z_log_dropped
 .text.z_log_dropped_read_and_clear
                0x0000000000002f30       0x20 zephyr/libzephyr.a(log_core.c.obj)
                0x0000000000002f30                z_log_dropped_read_and_clear
 .text.dropped_notify
                0x0000000000002f50       0x60 zephyr/libzephyr.a(log_core.c.obj)
                0x0000000000002f50                dropped_notify
 .text.z_log_msg_init
                0x0000000000002fb0       0x20 zephyr/libzephyr.a(log_core.c.obj)
                0x0000000000002fb0                z_log_msg_init
 .text.log_core_init
                0x0000000000002fd0       0x34 zephyr/libzephyr.a(log_core.c.obj)
                0x0000000000002fd0                log_core_init
 .text.z_log_msg_alloc
                0x0000000000003004       0x10 zephyr/libzephyr.a(log_core.c.obj)
                0x0000000000003004                z_log_msg_alloc
 .text.z_log_msg_local_claim
                0x0000000000003014        0xc zephyr/libzephyr.a(log_core.c.obj)
                0x0000000000003014                z_log_msg_local_claim
 .text.z_log_msg_free
                0x0000000000003020       0x10 zephyr/libzephyr.a(log_core.c.obj)
                0x0000000000003020                z_log_msg_free
 .text.z_log_msg_pending
                0x0000000000003030        0xc zephyr/libzephyr.a(log_core.c.obj)
                0x0000000000003030                z_log_msg_pending
 .text.z_impl_log_process
                0x000000000000303c       0xec zephyr/libzephyr.a(log_core.c.obj)
                0x000000000000303c                z_impl_log_process
 .text.z_impl_log_panic
                0x0000000000003128       0x74 zephyr/libzephyr.a(log_core.c.obj)
                0x0000000000003128                z_impl_log_panic
 .text.log_process_thread_func
                0x000000000000319c       0xec zephyr/libzephyr.a(log_core.c.obj)
 .text.z_log_msg_post_finalize
                0x0000000000003288       0xe4 zephyr/libzephyr.a(log_core.c.obj)
 .text.z_log_msg_commit
                0x000000000000336c       0x24 zephyr/libzephyr.a(log_core.c.obj)
                0x000000000000336c                z_log_msg_commit
 .text.log_source_name_get
                0x0000000000003390       0x1c zephyr/libzephyr.a(log_mgmt.c.obj)
                0x0000000000003390                log_source_name_get
 .text.log_backend_enable
                0x00000000000033ac       0x4c zephyr/libzephyr.a(log_mgmt.c.obj)
                0x00000000000033ac                log_backend_enable
 .text.z_impl_z_log_msg_static_create
                0x00000000000033f8      0x12c zephyr/libzephyr.a(log_msg.c.obj)
                0x00000000000033f8                z_impl_z_log_msg_static_create
 .text.z_log_msg_runtime_vcreate
                0x0000000000003524       0xc8 zephyr/libzephyr.a(log_msg.c.obj)
                0x0000000000003524                z_log_msg_runtime_vcreate
 .text.log_msg_get_source_id
                0x00000000000035ec       0x18 zephyr/libzephyr.a(log_msg.c.obj)
                0x00000000000035ec                log_msg_get_source_id
 .text.print_formatted
                0x0000000000003604       0x24 zephyr/libzephyr.a(log_output.c.obj)
 .text.newline_print
                0x0000000000003628       0x1c zephyr/libzephyr.a(log_output.c.obj)
 .text.out_func
                0x0000000000003644       0x60 zephyr/libzephyr.a(log_output.c.obj)
 .text.log_output_process
                0x00000000000036a4      0x31c zephyr/libzephyr.a(log_output.c.obj)
                0x00000000000036a4                log_output_process
 .text.log_output_dropped_process
                0x00000000000039c0       0x58 zephyr/libzephyr.a(log_output.c.obj)
                0x00000000000039c0                log_output_dropped_process
 .text.log_output_timestamp_freq_set
                0x0000000000003a18       0x2c zephyr/libzephyr.a(log_output.c.obj)
                0x0000000000003a18                log_output_timestamp_freq_set
 .text.log_backend_rtt_init
                0x0000000000003a44        0xc zephyr/libzephyr.a(log_backend_rtt.c.obj)
 .text.format_set
                0x0000000000003a50        0xc zephyr/libzephyr.a(log_backend_rtt.c.obj)
 .text.panic    0x0000000000003a5c       0x14 zephyr/libzephyr.a(log_backend_rtt.c.obj)
 .text.dropped  0x0000000000003a70        0xc zephyr/libzephyr.a(log_backend_rtt.c.obj)
 .text.process  0x0000000000003a7c       0x24 zephyr/libzephyr.a(log_backend_rtt.c.obj)
 .text.on_failed_write
                0x0000000000003aa0       0x28 zephyr/libzephyr.a(log_backend_rtt.c.obj)
 .text.data_out_block_mode
                0x0000000000003ac8       0x84 zephyr/libzephyr.a(log_backend_rtt.c.obj)
 .text.char_out
                0x0000000000003b4c       0x24 zephyr/libzephyr.a(log_backend_uart.c.obj)
 .text.log_backend_uart_init
                0x0000000000003b70       0x3c zephyr/libzephyr.a(log_backend_uart.c.obj)
 .text.mem_attr_get_regions
                0x0000000000003bac        0xc zephyr/libzephyr.a(mem_attr.c.obj)
                0x0000000000003bac                mem_attr_get_regions
 .text.z_arm_fatal_error
                0x0000000000003bb8       0xa0 zephyr/arch/arch/arm/core/libarch__arm__core.a(fatal.c.obj)
                0x0000000000003bb8                z_arm_fatal_error
 .text.z_SysNmiOnReset
                0x0000000000003c58        0x8 zephyr/arch/arch/arm/core/libarch__arm__core.a(nmi_on_reset.S.obj)
                0x0000000000003c58                z_SysNmiOnReset
 .text._HandlerModeExit
                0x0000000000003c60       0x28 zephyr/arch/arch/arm/core/cortex_m/libarch__arm__core__cortex_m.a(exc_exit.c.obj)
                0x0000000000003c60                z_arm_int_exit
                0x0000000000003c60                z_arm_exc_exit
 .text.bus_fault.constprop.0
                0x0000000000003c88       0xd0 zephyr/arch/arch/arm/core/cortex_m/libarch__arm__core__cortex_m.a(fault.c.obj)
 .text.usage_fault.constprop.0
                0x0000000000003d58       0xa8 zephyr/arch/arch/arm/core/cortex_m/libarch__arm__core__cortex_m.a(fault.c.obj)
 .text.mem_manage_fault
                0x0000000000003e00      0x138 zephyr/arch/arch/arm/core/cortex_m/libarch__arm__core__cortex_m.a(fault.c.obj)
 .text.z_arm_fault
                0x0000000000003f38      0x22c zephyr/arch/arch/arm/core/cortex_m/libarch__arm__core__cortex_m.a(fault.c.obj)
                0x0000000000003f38                z_arm_fault
 .text.z_arm_fault_init
                0x0000000000004164       0x10 zephyr/arch/arch/arm/core/cortex_m/libarch__arm__core__cortex_m.a(fault.c.obj)
                0x0000000000004164                z_arm_fault_init
 .text.__fault  0x0000000000004174       0x14 zephyr/arch/arch/arm/core/cortex_m/libarch__arm__core__cortex_m.a(fault_s.S.obj)
                0x0000000000004174                z_arm_usage_fault
                0x0000000000004174                z_arm_mpu_fault
                0x0000000000004174                z_arm_exc_spurious
                0x0000000000004174                z_arm_debug_monitor
                0x0000000000004174                z_arm_hard_fault
                0x0000000000004174                z_arm_bus_fault
 .text._reset_section
                0x0000000000004188       0x30 zephyr/arch/arch/arm/core/cortex_m/libarch__arm__core__cortex_m.a(reset.S.obj)
                0x0000000000004188                __start
                0x0000000000004188                z_arm_reset
 .text.z_impl_k_thread_abort
                0x00000000000041b8       0x2c zephyr/arch/arch/arm/core/cortex_m/libarch__arm__core__cortex_m.a(thread_abort.c.obj)
                0x00000000000041b8                z_impl_k_thread_abort
 .text.arch_swap
                0x00000000000041e4       0x34 zephyr/arch/arch/arm/core/cortex_m/libarch__arm__core__cortex_m.a(swap.c.obj)
                0x00000000000041e4                arch_swap
 .text.z_arm_pendsv_c
                0x0000000000004218       0x44 zephyr/arch/arch/arm/core/cortex_m/libarch__arm__core__cortex_m.a(swap.c.obj)
                0x0000000000004218                z_arm_pendsv_c
 .text.z_arm_pendsv
                0x000000000000425c       0x34 zephyr/arch/arch/arm/core/cortex_m/libarch__arm__core__cortex_m.a(swap_helper.S.obj)
                0x000000000000425c                z_arm_pendsv
 .text.z_arm_svc
                0x0000000000004290       0x20 zephyr/arch/arch/arm/core/cortex_m/libarch__arm__core__cortex_m.a(swap_helper.S.obj)
                0x0000000000004290                z_arm_svc
 .text.arch_irq_enable
                0x00000000000042b0       0x1c zephyr/arch/arch/arm/core/cortex_m/libarch__arm__core__cortex_m.a(irq_manage.c.obj)
                0x00000000000042b0                arch_irq_enable
 .text.arch_irq_disable
                0x00000000000042cc       0x28 zephyr/arch/arch/arm/core/cortex_m/libarch__arm__core__cortex_m.a(irq_manage.c.obj)
                0x00000000000042cc                arch_irq_disable
 .text.arch_irq_is_enabled
                0x00000000000042f4       0x1c zephyr/arch/arch/arm/core/cortex_m/libarch__arm__core__cortex_m.a(irq_manage.c.obj)
                0x00000000000042f4                arch_irq_is_enabled
 .text.z_arm_irq_priority_set
                0x0000000000004310       0x68 zephyr/arch/arch/arm/core/cortex_m/libarch__arm__core__cortex_m.a(irq_manage.c.obj)
                0x0000000000004310                z_arm_irq_priority_set
 .text.z_prep_c
                0x0000000000004378       0x48 zephyr/arch/arch/arm/core/cortex_m/libarch__arm__core__cortex_m.a(prep_c.c.obj)
                0x0000000000004378                z_prep_c
 .text.arch_new_thread
                0x00000000000043c0       0x38 zephyr/arch/arch/arm/core/cortex_m/libarch__arm__core__cortex_m.a(thread.c.obj)
                0x00000000000043c0                arch_new_thread
 .text.z_check_thread_stack_fail
                0x00000000000043f8       0x30 zephyr/arch/arch/arm/core/cortex_m/libarch__arm__core__cortex_m.a(thread.c.obj)
                0x00000000000043f8                z_check_thread_stack_fail
 .text.arch_switch_to_main_thread
                0x0000000000004428       0x3c zephyr/arch/arch/arm/core/cortex_m/libarch__arm__core__cortex_m.a(thread.c.obj)
                0x0000000000004428                arch_switch_to_main_thread
 .text.z_arm_cpu_idle_init
                0x0000000000004464        0xc zephyr/arch/arch/arm/core/cortex_m/libarch__arm__core__cortex_m.a(cpu_idle.c.obj)
                0x0000000000004464                z_arm_cpu_idle_init
 .text.z_arm_interrupt_init
                0x0000000000004470       0x18 zephyr/arch/arch/arm/core/cortex_m/libarch__arm__core__cortex_m.a(irq_init.c.obj)
                0x0000000000004470                z_arm_interrupt_init
 .text._isr_wrapper
                0x0000000000004488       0x24 zephyr/arch/arch/arm/core/cortex_m/libarch__arm__core__cortex_m.a(isr_wrapper.c.obj)
                0x0000000000004488                _isr_wrapper
 .text.z_arm_configure_static_mpu_regions
                0x00000000000044ac       0x18 zephyr/arch/arch/arm/core/mpu/libarch__arm__core__mpu.a(arm_core_mpu.c.obj)
                0x00000000000044ac                z_arm_configure_static_mpu_regions
 .text.z_arm_configure_dynamic_mpu_regions
                0x00000000000044c4       0x24 zephyr/arch/arch/arm/core/mpu/libarch__arm__core__mpu.a(arm_core_mpu.c.obj)
                0x00000000000044c4                z_arm_configure_dynamic_mpu_regions
 .text.region_allocate_and_init
                0x00000000000044e8       0x54 zephyr/arch/arch/arm/core/mpu/libarch__arm__core__mpu.a(arm_mpu.c.obj)
 .text.mpu_configure_regions
                0x000000000000453c       0x68 zephyr/arch/arch/arm/core/mpu/libarch__arm__core__mpu.a(arm_mpu.c.obj)
 .text.arm_core_mpu_enable
                0x00000000000045a4       0x18 zephyr/arch/arch/arm/core/mpu/libarch__arm__core__mpu.a(arm_mpu.c.obj)
                0x00000000000045a4                arm_core_mpu_enable
 .text.arm_core_mpu_disable
                0x00000000000045bc       0x14 zephyr/arch/arch/arm/core/mpu/libarch__arm__core__mpu.a(arm_mpu.c.obj)
                0x00000000000045bc                arm_core_mpu_disable
 .text.arm_core_mpu_configure_static_mpu_regions
                0x00000000000045d0       0x4c zephyr/arch/arch/arm/core/mpu/libarch__arm__core__mpu.a(arm_mpu.c.obj)
                0x00000000000045d0                arm_core_mpu_configure_static_mpu_regions
 .text.arm_core_mpu_configure_dynamic_mpu_regions
                0x000000000000461c       0x6c zephyr/arch/arch/arm/core/mpu/libarch__arm__core__mpu.a(arm_mpu.c.obj)
                0x000000000000461c                arm_core_mpu_configure_dynamic_mpu_regions
 .text.z_arm_mpu_init
                0x0000000000004688      0x22c zephyr/arch/arch/arm/core/mpu/libarch__arm__core__mpu.a(arm_mpu.c.obj)
                0x0000000000004688                z_arm_mpu_init
 .text.__stdout_hook_install
                0x00000000000048b4        0xc zephyr/lib/libc/minimal/liblib__libc__minimal.a(stdout_console.c.obj)
                0x00000000000048b4                __stdout_hook_install
 .text.snprintf
                0x00000000000048c0       0x34 zephyr/lib/libc/minimal/liblib__libc__minimal.a(sprintf.c.obj)
                0x00000000000048c0                snprintf
 .text.sprintf  0x00000000000048f4       0x34 zephyr/lib/libc/minimal/liblib__libc__minimal.a(sprintf.c.obj)
                0x00000000000048f4                sprintf
 .text.malloc_prepare
                0x0000000000004928       0x1c zephyr/lib/libc/common/liblib__libc__common.a(malloc.c.obj)
 .text.malloc_lock
                0x0000000000004944       0x38 zephyr/lib/libc/common/liblib__libc__common.a(malloc.c.obj)
 .text.malloc_unlock
                0x000000000000497c        0xc zephyr/lib/libc/common/liblib__libc__common.a(malloc.c.obj)
 .text.malloc   0x0000000000004988       0x2c zephyr/lib/libc/common/liblib__libc__common.a(malloc.c.obj)
                0x0000000000004988                malloc
 .text.free     0x00000000000049b4       0x1c zephyr/lib/libc/common/liblib__libc__common.a(malloc.c.obj)
                0x00000000000049b4                free
 .text.nordicsemi_nrf52_init
                0x00000000000049d0       0x18 zephyr/soc/soc/nrf52833/libsoc__nordic.a(soc.c.obj)
 .text.arch_busy_wait
                0x00000000000049e8       0x14 zephyr/soc/soc/nrf52833/libsoc__nordic.a(soc.c.obj)
                0x00000000000049e8                arch_busy_wait
 .text.onoff_start
                0x00000000000049fc       0x3c zephyr/drivers/clock_control/libdrivers__clock_control.a(clock_control_nrf.c.obj)
 .text.get_status
                0x0000000000004a38       0x38 zephyr/drivers/clock_control/libdrivers__clock_control.a(clock_control_nrf.c.obj)
 .text.stop     0x0000000000004a70       0x78 zephyr/drivers/clock_control/libdrivers__clock_control.a(clock_control_nrf.c.obj)
 .text.onoff_stop
                0x0000000000004ae8       0x28 zephyr/drivers/clock_control/libdrivers__clock_control.a(clock_control_nrf.c.obj)
 .text.clk_init
                0x0000000000004b10       0x58 zephyr/drivers/clock_control/libdrivers__clock_control.a(clock_control_nrf.c.obj)
 .text.api_blocking_start
                0x0000000000004b68       0x34 zephyr/drivers/clock_control/libdrivers__clock_control.a(clock_control_nrf.c.obj)
 .text.generic_hfclk_stop
                0x0000000000004b9c       0x34 zephyr/drivers/clock_control/libdrivers__clock_control.a(clock_control_nrf.c.obj)
 .text.clkstarted_handle.constprop.0
                0x0000000000004bd0       0x4c zephyr/drivers/clock_control/libdrivers__clock_control.a(clock_control_nrf.c.obj)
 .text.clock_event_handler
                0x0000000000004c1c       0x5c zephyr/drivers/clock_control/libdrivers__clock_control.a(clock_control_nrf.c.obj)
 .text.generic_hfclk_start
                0x0000000000004c78       0x78 zephyr/drivers/clock_control/libdrivers__clock_control.a(clock_control_nrf.c.obj)
 .text.z_nrf_clock_control_lf_on
                0x0000000000004cf0      0x13c zephyr/drivers/clock_control/libdrivers__clock_control.a(clock_control_nrf.c.obj)
                0x0000000000004cf0                z_nrf_clock_control_lf_on
 .text.uart_console_init
                0x0000000000004e2c       0x28 zephyr/drivers/console/libdrivers__console.a(uart_console.c.obj)
 .text.console_out
                0x0000000000004e54       0x28 zephyr/drivers/console/libdrivers__console.a(uart_console.c.obj)
 .text.gpio_nrfx_manage_callback
                0x0000000000004e7c       0xa0 zephyr/drivers/gpio/libdrivers__gpio.a(gpio_nrfx.c.obj)
 .text.gpio_nrfx_init
                0x0000000000004f1c       0x48 zephyr/drivers/gpio/libdrivers__gpio.a(gpio_nrfx.c.obj)
 .text.nrf_gpio_pin_port_decode
                0x0000000000004f64       0x5c zephyr/drivers/gpio/libdrivers__gpio.a(gpio_nrfx.c.obj)
 .text.gpio_nrfx_pin_interrupt_configure
                0x0000000000004fc0       0xe4 zephyr/drivers/gpio/libdrivers__gpio.a(gpio_nrfx.c.obj)
 .text.gpio_nrfx_pin_configure
                0x00000000000050a4      0x19c zephyr/drivers/gpio/libdrivers__gpio.a(gpio_nrfx.c.obj)
 .text.nrfx_gpio_handler
                0x0000000000005240       0x78 zephyr/drivers/gpio/libdrivers__gpio.a(gpio_nrfx.c.obj)
 .text.nrf_gpio_pin_port_decode
                0x00000000000052b8       0x5c zephyr/drivers/pinctrl/libdrivers__pinctrl.a(pinctrl_nrf.c.obj)
 .text.pinctrl_configure_pins
                0x0000000000005314      0x16c zephyr/drivers/pinctrl/libdrivers__pinctrl.a(pinctrl_nrf.c.obj)
                0x0000000000005314                pinctrl_configure_pins
 .text.uarte_0_init
                0x0000000000005480      0x27c zephyr/drivers/serial/libdrivers__serial.a(uart_nrfx_uarte.c.obj)
 .text.uarte_nrfx_poll_out
                0x00000000000056fc       0xcc zephyr/drivers/serial/libdrivers__serial.a(uart_nrfx_uarte.c.obj)
 .text.nrf_gpio_pin_port_decode
                0x00000000000057c8       0x5c zephyr/drivers/spi/libdrivers__spi.a(spi_nrfx_spi.c.obj)
 .text.gpio_pin_set.isra.0
                0x0000000000005824       0x5c zephyr/drivers/spi/libdrivers__spi.a(spi_nrfx_spi.c.obj)
 .text.spi_nrfx_init
                0x0000000000005880      0x1a0 zephyr/drivers/spi/libdrivers__spi.a(spi_nrfx_spi.c.obj)
 .text.transfer_next_chunk
                0x0000000000005a20       0x70 zephyr/drivers/spi/libdrivers__spi.a(spi_nrfx_spi.c.obj)
 .text.event_handler
                0x0000000000005a90       0xc0 zephyr/drivers/spi/libdrivers__spi.a(spi_nrfx_spi.c.obj)
 .text.spi_nrfx_transceive
                0x0000000000005b50      0x388 zephyr/drivers/spi/libdrivers__spi.a(spi_nrfx_spi.c.obj)
 .text.nrf_gpio_pin_port_decode
                0x0000000000005ed8       0x5c zephyr/drivers/spi/libdrivers__spi.a(spi_nrfx_common.c.obj)
 .text.spi_nrfx_wake_init
                0x0000000000005f34       0x60 zephyr/drivers/spi/libdrivers__spi.a(spi_nrfx_common.c.obj)
                0x0000000000005f34                spi_nrfx_wake_init
 .text.spi_nrfx_wake_request
                0x0000000000005f94       0x84 zephyr/drivers/spi/libdrivers__spi.a(spi_nrfx_common.c.obj)
                0x0000000000005f94                spi_nrfx_wake_request
 .text.nrf_gpio_pin_port_decode
                0x0000000000006018       0x5c zephyr/drivers/spi/libdrivers__spi.a(spi_nrfx_spim.c.obj)
 .text.gpio_pin_set.isra.0
                0x0000000000006074       0x5c zephyr/drivers/spi/libdrivers__spi.a(spi_nrfx_spim.c.obj)
 .text.spi_nrfx_init
                0x00000000000060d0      0x1a0 zephyr/drivers/spi/libdrivers__spi.a(spi_nrfx_spim.c.obj)
 .text.transfer_next_chunk
                0x0000000000006270       0xc8 zephyr/drivers/spi/libdrivers__spi.a(spi_nrfx_spim.c.obj)
 .text.event_handler
                0x0000000000006338       0xdc zephyr/drivers/spi/libdrivers__spi.a(spi_nrfx_spim.c.obj)
 .text.spi_nrfx_transceive
                0x0000000000006414      0x3bc zephyr/drivers/spi/libdrivers__spi.a(spi_nrfx_spim.c.obj)
 .text.sys_clock_timeout_handler
                0x00000000000067d0       0x48 zephyr/drivers/timer/libdrivers__timer.a(nrf_rtc_timer.c.obj)
 .text.z_nrf_rtc_timer_read
                0x0000000000006818       0x44 zephyr/drivers/timer/libdrivers__timer.a(nrf_rtc_timer.c.obj)
                0x0000000000006818                z_nrf_rtc_timer_read
 .text.rtc_nrf_isr
                0x000000000000685c       0xd4 zephyr/drivers/timer/libdrivers__timer.a(nrf_rtc_timer.c.obj)
                0x000000000000685c                rtc_nrf_isr
 .text.compare_set.constprop.0.isra.0
                0x0000000000006930      0x154 zephyr/drivers/timer/libdrivers__timer.a(nrf_rtc_timer.c.obj)
 .text.sys_clock_driver_init
                0x0000000000006a84       0x80 zephyr/drivers/timer/libdrivers__timer.a(nrf_rtc_timer.c.obj)
 .text.sys_clock_set_timeout
                0x0000000000006b04       0x4c zephyr/drivers/timer/libdrivers__timer.a(nrf_rtc_timer.c.obj)
                0x0000000000006b04                sys_clock_set_timeout
 .text.sys_clock_elapsed
                0x0000000000006b50       0x14 zephyr/drivers/timer/libdrivers__timer.a(nrf_rtc_timer.c.obj)
                0x0000000000006b50                sys_clock_elapsed
 .text.nvmc_wait
                0x0000000000006b64       0x10 modules/hal_nordic/nrfx/libmodules__hal_nordic__nrfx.a(system_nrf52833.c.obj)
                0x0000000000006b64                nvmc_wait
 .text.SystemInit
                0x0000000000006b74      0x14c modules/hal_nordic/nrfx/libmodules__hal_nordic__nrfx.a(system_nrf52833.c.obj)
                0x0000000000006b74                SystemInit
 .text.nrfx_flag32_alloc
                0x0000000000006cc0       0x48 modules/hal_nordic/nrfx/libmodules__hal_nordic__nrfx.a(nrfx_flag32_allocator.c.obj)
                0x0000000000006cc0                nrfx_flag32_alloc
 .text.nrfx_flag32_free
                0x0000000000006d08       0x40 modules/hal_nordic/nrfx/libmodules__hal_nordic__nrfx.a(nrfx_flag32_allocator.c.obj)
                0x0000000000006d08                nrfx_flag32_free
 .text.nrfx_gppi_channels_enable
                0x0000000000006d48        0xc modules/hal_nordic/nrfx/libmodules__hal_nordic__nrfx.a(nrfx_gppi_ppi.c.obj)
                0x0000000000006d48                nrfx_gppi_channels_enable
 .text.clock_stop
                0x0000000000006d54       0xe8 modules/hal_nordic/nrfx/libmodules__hal_nordic__nrfx.a(nrfx_clock.c.obj)
 .text.nrfx_clock_init
                0x0000000000006e3c       0x20 modules/hal_nordic/nrfx/libmodules__hal_nordic__nrfx.a(nrfx_clock.c.obj)
                0x0000000000006e3c                nrfx_clock_init
 .text.nrfx_clock_enable
                0x0000000000006e5c       0x4c modules/hal_nordic/nrfx/libmodules__hal_nordic__nrfx.a(nrfx_clock.c.obj)
                0x0000000000006e5c                nrfx_clock_enable
 .text.nrfx_clock_start
                0x0000000000006ea8       0xe4 modules/hal_nordic/nrfx/libmodules__hal_nordic__nrfx.a(nrfx_clock.c.obj)
                0x0000000000006ea8                nrfx_clock_start
 .text.nrfx_clock_stop
                0x0000000000006f8c       0x38 modules/hal_nordic/nrfx/libmodules__hal_nordic__nrfx.a(nrfx_clock.c.obj)
                0x0000000000006f8c                nrfx_clock_stop
 .text.nrfx_power_clock_irq_handler
                0x0000000000006fc4       0x64 modules/hal_nordic/nrfx/libmodules__hal_nordic__nrfx.a(nrfx_clock.c.obj)
                0x0000000000006fc4                nrfx_power_clock_irq_handler
 .text.get_pin_idx
                0x0000000000007028       0x14 modules/hal_nordic/nrfx/libmodules__hal_nordic__nrfx.a(nrfx_gpiote.c.obj)
 .text.nrf_gpio_pin_port_decode
                0x000000000000703c       0x68 modules/hal_nordic/nrfx/libmodules__hal_nordic__nrfx.a(nrfx_gpiote.c.obj)
 .text.nrf_gpiote_in_event_get
                0x00000000000070a4       0x34 modules/hal_nordic/nrfx/libmodules__hal_nordic__nrfx.a(nrfx_gpiote.c.obj)
 .text.call_handler.constprop.0
                0x00000000000070d8       0x40 modules/hal_nordic/nrfx/libmodules__hal_nordic__nrfx.a(nrfx_gpiote.c.obj)
 .text.pin_te_get.constprop.0
                0x0000000000007118       0x18 modules/hal_nordic/nrfx/libmodules__hal_nordic__nrfx.a(nrfx_gpiote.c.obj)
 .text.pin_is_output.constprop.0
                0x0000000000007130       0x18 modules/hal_nordic/nrfx/libmodules__hal_nordic__nrfx.a(nrfx_gpiote.c.obj)
 .text.pin_has_trigger.constprop.0
                0x0000000000007148       0x1c modules/hal_nordic/nrfx/libmodules__hal_nordic__nrfx.a(nrfx_gpiote.c.obj)
 .text.pin_in_use_by_te.constprop.0
                0x0000000000007164       0x18 modules/hal_nordic/nrfx/libmodules__hal_nordic__nrfx.a(nrfx_gpiote.c.obj)
 .text.latch_pending_read_and_check
                0x000000000000717c       0x40 modules/hal_nordic/nrfx/libmodules__hal_nordic__nrfx.a(nrfx_gpiote.c.obj)
 .text.release_handler.isra.0
                0x00000000000071bc       0x80 modules/hal_nordic/nrfx/libmodules__hal_nordic__nrfx.a(nrfx_gpiote.c.obj)
 .text.pin_in_event_get.isra.0
                0x000000000000723c       0x8c modules/hal_nordic/nrfx/libmodules__hal_nordic__nrfx.a(nrfx_gpiote.c.obj)
 .text.__nrfy_internal_gpiote_events_process.constprop.0
                0x00000000000072c8       0x64 modules/hal_nordic/nrfx/libmodules__hal_nordic__nrfx.a(nrfx_gpiote.c.obj)
 .text.pin_uninit
                0x000000000000732c       0x80 modules/hal_nordic/nrfx/libmodules__hal_nordic__nrfx.a(nrfx_gpiote.c.obj)
 .text.nrfx_gpiote_input_configure
                0x00000000000073ac      0x168 modules/hal_nordic/nrfx/libmodules__hal_nordic__nrfx.a(nrfx_gpiote.c.obj)
                0x00000000000073ac                nrfx_gpiote_input_configure
 .text.nrfx_gpiote_output_configure
                0x0000000000007514       0xf8 modules/hal_nordic/nrfx/libmodules__hal_nordic__nrfx.a(nrfx_gpiote.c.obj)
                0x0000000000007514                nrfx_gpiote_output_configure
 .text.nrfx_gpiote_global_callback_set
                0x000000000000760c        0xc modules/hal_nordic/nrfx/libmodules__hal_nordic__nrfx.a(nrfx_gpiote.c.obj)
                0x000000000000760c                nrfx_gpiote_global_callback_set
 .text.nrfx_gpiote_channel_get
                0x0000000000007618       0x58 modules/hal_nordic/nrfx/libmodules__hal_nordic__nrfx.a(nrfx_gpiote.c.obj)
                0x0000000000007618                nrfx_gpiote_channel_get
 .text.nrfx_gpiote_init
                0x0000000000007670       0x7c modules/hal_nordic/nrfx/libmodules__hal_nordic__nrfx.a(nrfx_gpiote.c.obj)
                0x0000000000007670                nrfx_gpiote_init
 .text.nrfx_gpiote_init_check
                0x00000000000076ec       0x14 modules/hal_nordic/nrfx/libmodules__hal_nordic__nrfx.a(nrfx_gpiote.c.obj)
                0x00000000000076ec                nrfx_gpiote_init_check
 .text.nrfx_gpiote_channel_free
                0x0000000000007700        0xc modules/hal_nordic/nrfx/libmodules__hal_nordic__nrfx.a(nrfx_gpiote.c.obj)
                0x0000000000007700                nrfx_gpiote_channel_free
 .text.nrfx_gpiote_channel_alloc
                0x000000000000770c        0xc modules/hal_nordic/nrfx/libmodules__hal_nordic__nrfx.a(nrfx_gpiote.c.obj)
                0x000000000000770c                nrfx_gpiote_channel_alloc
 .text.nrfx_gpiote_trigger_enable
                0x0000000000007718       0xe8 modules/hal_nordic/nrfx/libmodules__hal_nordic__nrfx.a(nrfx_gpiote.c.obj)
                0x0000000000007718                nrfx_gpiote_trigger_enable
 .text.nrfx_gpiote_0_irq_handler
                0x0000000000007800      0x1bc modules/hal_nordic/nrfx/libmodules__hal_nordic__nrfx.a(nrfx_gpiote.c.obj)
                0x0000000000007800                nrfx_gpiote_0_irq_handler
 .text.nrfx_ppi_channel_alloc
                0x00000000000079bc        0xc modules/hal_nordic/nrfx/libmodules__hal_nordic__nrfx.a(nrfx_ppi.c.obj)
                0x00000000000079bc                nrfx_ppi_channel_alloc
 .text.nrf_gpio_pin_port_decode
                0x00000000000079c8       0x5c modules/hal_nordic/nrfx/libmodules__hal_nordic__nrfx.a(nrfx_spi.c.obj)
 .text.nrf_gpio_cfg_output
                0x0000000000007a24       0x2c modules/hal_nordic/nrfx/libmodules__hal_nordic__nrfx.a(nrfx_spi.c.obj)
 .text.spi_configure
                0x0000000000007a50      0x124 modules/hal_nordic/nrfx/libmodules__hal_nordic__nrfx.a(nrfx_spi.c.obj)
 .text.nrf_gpio_cfg_default
                0x0000000000007b74       0x2c modules/hal_nordic/nrfx/libmodules__hal_nordic__nrfx.a(nrfx_spi.c.obj)
 .text.nrfx_spi_init
                0x0000000000007ba0       0x7c modules/hal_nordic/nrfx/libmodules__hal_nordic__nrfx.a(nrfx_spi.c.obj)
                0x0000000000007ba0                nrfx_spi_init
 .text.nrfx_spi_uninit
                0x0000000000007c1c       0x98 modules/hal_nordic/nrfx/libmodules__hal_nordic__nrfx.a(nrfx_spi.c.obj)
                0x0000000000007c1c                nrfx_spi_uninit
 .text.nrfx_spi_xfer
                0x0000000000007cb4      0x16c modules/hal_nordic/nrfx/libmodules__hal_nordic__nrfx.a(nrfx_spi.c.obj)
                0x0000000000007cb4                nrfx_spi_xfer
 .text.nrfx_spi_1_irq_handler
                0x0000000000007e20       0x68 modules/hal_nordic/nrfx/libmodules__hal_nordic__nrfx.a(nrfx_spi.c.obj)
                0x0000000000007e20                nrfx_spi_1_irq_handler
 .text.nrf_gpio_pin_port_decode
                0x0000000000007e88       0x5c modules/hal_nordic/nrfx/libmodules__hal_nordic__nrfx.a(nrfx_spim.c.obj)
 .text.spim_frequency_valid_check.constprop.0
                0x0000000000007ee4       0x64 modules/hal_nordic/nrfx/libmodules__hal_nordic__nrfx.a(nrfx_spim.c.obj)
 .text.pin_init
                0x0000000000007f48       0x50 modules/hal_nordic/nrfx/libmodules__hal_nordic__nrfx.a(nrfx_spim.c.obj)
 .text.spim_configure
                0x0000000000007f98      0x24c modules/hal_nordic/nrfx/libmodules__hal_nordic__nrfx.a(nrfx_spim.c.obj)
 .text.spim_pin_uninit
                0x00000000000081e4       0x30 modules/hal_nordic/nrfx/libmodules__hal_nordic__nrfx.a(nrfx_spim.c.obj)
 .text.nrfx_spim_init
                0x0000000000008214       0x80 modules/hal_nordic/nrfx/libmodules__hal_nordic__nrfx.a(nrfx_spim.c.obj)
                0x0000000000008214                nrfx_spim_init
 .text.nrfx_spim_uninit
                0x0000000000008294       0xb8 modules/hal_nordic/nrfx/libmodules__hal_nordic__nrfx.a(nrfx_spim.c.obj)
                0x0000000000008294                nrfx_spim_uninit
 .text.nrfx_spim_xfer
                0x000000000000834c      0x218 modules/hal_nordic/nrfx/libmodules__hal_nordic__nrfx.a(nrfx_spim.c.obj)
                0x000000000000834c                nrfx_spim_xfer
 .text.nrfx_spim_3_irq_handler
                0x0000000000008564       0x80 modules/hal_nordic/nrfx/libmodules__hal_nordic__nrfx.a(nrfx_spim.c.obj)
                0x0000000000008564                nrfx_spim_3_irq_handler
 .text._DoInit  0x00000000000085e4       0x60 modules/segger/libmodules__segger.a(SEGGER_RTT.c.obj)
 .text.SEGGER_RTT_WriteSkipNoLock
                0x0000000000008644       0x88 modules/segger/libmodules__segger.a(SEGGER_RTT.c.obj)
                0x0000000000008644                SEGGER_RTT_WriteSkipNoLock
 .text.SEGGER_RTT_HasDataUp
                0x00000000000086cc       0x14 modules/segger/libmodules__segger.a(SEGGER_RTT.c.obj)
                0x00000000000086cc                SEGGER_RTT_HasDataUp
 .text.zephyr_rtt_mutex_lock
                0x00000000000086e0       0x14 modules/segger/libmodules__segger.a(SEGGER_RTT_zephyr.c.obj)
                0x00000000000086e0                zephyr_rtt_mutex_lock
 .text.zephyr_rtt_mutex_unlock
                0x00000000000086f4        0xc modules/segger/libmodules__segger.a(SEGGER_RTT_zephyr.c.obj)
                0x00000000000086f4                zephyr_rtt_mutex_unlock
 .text.al_od_busy
                0x0000000000008700       0x58 modules/iolink/libiolink_master.a(iolink_al.c.obj)
 .text.al_od_build_dl_service
                0x0000000000008758       0x98 modules/iolink/libiolink_master.a(iolink_al.c.obj)
 .text.al_od_param_write
                0x00000000000087f0       0x84 modules/iolink/libiolink_master.a(iolink_al.c.obj)
 .text.al_event_idle
                0x0000000000008874       0x3c modules/iolink/libiolink_master.a(iolink_al.c.obj)
 .text.al_od_param_read
                0x00000000000088b0       0x3c modules/iolink/libiolink_master.a(iolink_al.c.obj)
 .text.al_err_to_errortype
                0x00000000000088ec       0xc4 modules/iolink/libiolink_master.a(iolink_al.c.obj)
 .text.al_od_send_al_cnf
                0x00000000000089b0       0xb4 modules/iolink/libiolink_master.a(iolink_al.c.obj)
 .text.iolink_al_od_event
                0x0000000000008a64       0xc4 modules/iolink/libiolink_master.a(iolink_al.c.obj)
 .text.al_od_isdu_read_write
                0x0000000000008b28       0x88 modules/iolink/libiolink_master.a(iolink_al.c.obj)
 .text.iolink_al_event_event
                0x0000000000008bb0       0xc4 modules/iolink/libiolink_master.a(iolink_al.c.obj)
 .text.al_dl_event_ind_cb
                0x0000000000008c74       0x6c modules/iolink/libiolink_master.a(iolink_al.c.obj)
 .text.AL_Read_req
                0x0000000000008ce0       0x50 modules/iolink/libiolink_master.a(iolink_al.c.obj)
                0x0000000000008ce0                AL_Read_req
 .text.AL_Write_req
                0x0000000000008d30       0x64 modules/iolink/libiolink_master.a(iolink_al.c.obj)
                0x0000000000008d30                AL_Write_req
 .text.DL_Event_ind
                0x0000000000008d94       0x2c modules/iolink/libiolink_master.a(iolink_al.c.obj)
                0x0000000000008d94                DL_Event_ind
 .text.DL_Control_ind
                0x0000000000008dc0       0x20 modules/iolink/libiolink_master.a(iolink_al.c.obj)
                0x0000000000008dc0                DL_Control_ind
 .text.DL_ReadParam_cnf
                0x0000000000008de0       0x24 modules/iolink/libiolink_master.a(iolink_al.c.obj)
                0x0000000000008de0                DL_ReadParam_cnf
 .text.DL_WriteParam_cnf
                0x0000000000008e04       0x20 modules/iolink/libiolink_master.a(iolink_al.c.obj)
                0x0000000000008e04                DL_WriteParam_cnf
 .text.DL_ISDUTransport_cnf
                0x0000000000008e24      0x118 modules/iolink/libiolink_master.a(iolink_al.c.obj)
                0x0000000000008e24                DL_ISDUTransport_cnf
 .text.DL_PDInputTransport_ind
                0x0000000000008f3c       0x68 modules/iolink/libiolink_master.a(iolink_al.c.obj)
                0x0000000000008f3c                DL_PDInputTransport_ind
 .text.AL_Event_rsp
                0x0000000000008fa4       0x1c modules/iolink/libiolink_master.a(iolink_al.c.obj)
                0x0000000000008fa4                AL_Event_rsp
 .text.AL_Event_ind
                0x0000000000008fc0       0x84 modules/iolink/libiolink_master.a(iolink_al.c.obj)
                0x0000000000008fc0                AL_Event_ind
 .text.cm_port_fault
                0x0000000000009044       0x90 modules/iolink/libiolink_master.a(iolink_cm.c.obj)
 .text.cm_check_mode
                0x00000000000090d4       0x78 modules/iolink/libiolink_master.a(iolink_cm.c.obj)
 .text.cm_ds_ready_ignore
                0x000000000000914c       0x18 modules/iolink/libiolink_master.a(iolink_cm.c.obj)
 .text.cm_smi_masterident_cb
                0x0000000000009164       0x74 modules/iolink/libiolink_master.a(iolink_cm.c.obj)
 .text.portmode_to_target_mode.part.0
                0x00000000000091d8       0x24 modules/iolink/libiolink_master.a(iolink_cm.c.obj)
 .text.set_port_config
                0x00000000000091fc       0xb0 modules/iolink/libiolink_master.a(iolink_cm.c.obj)
 .text.iolink_cm_event
                0x00000000000092ac       0xc4 modules/iolink/libiolink_master.a(iolink_cm.c.obj)
 .text.cm_deactivate
                0x0000000000009370       0x50 modules/iolink/libiolink_master.a(iolink_cm.c.obj)
 .text.cm_cfg_change_ignore
                0x00000000000093c0       0x18 modules/iolink/libiolink_master.a(iolink_cm.c.obj)
 .text.cm_comlost_ignore
                0x00000000000093d8       0x18 modules/iolink/libiolink_master.a(iolink_cm.c.obj)
 .text.SM_PortMode_ind
                0x00000000000093f0       0x20 modules/iolink/libiolink_master.a(iolink_cm.c.obj)
                0x00000000000093f0                SM_PortMode_ind
 .text.DS_Ready
                0x0000000000009410       0x1c modules/iolink/libiolink_master.a(iolink_cm.c.obj)
                0x0000000000009410                DS_Ready
 .text.DS_Fault
                0x000000000000942c       0x20 modules/iolink/libiolink_master.a(iolink_cm.c.obj)
                0x000000000000942c                DS_Fault
 .text.cm_SMI_MasterIdentification_req
                0x000000000000944c       0x28 modules/iolink/libiolink_master.a(iolink_cm.c.obj)
                0x000000000000944c                cm_SMI_MasterIdentification_req
 .text.cm_SMI_PortConfiguration_req
                0x0000000000009474       0x28 modules/iolink/libiolink_master.a(iolink_cm.c.obj)
                0x0000000000009474                cm_SMI_PortConfiguration_req
 .text.cm_SMI_PortStatus_req
                0x000000000000949c       0x28 modules/iolink/libiolink_master.a(iolink_cm.c.obj)
                0x000000000000949c                cm_SMI_PortStatus_req
 .text.iolink_dl_isdu_h_sm_isdu_error4
                0x00000000000094c4       0x94 modules/iolink/libiolink_master.a(iolink_dl.c.obj)
 .text.iolink_dl_ev_h_sm_signal_event3
                0x0000000000009558       0xc0 modules/iolink/libiolink_master.a(iolink_dl.c.obj)
 .text.DL_ReadWrite_req
                0x0000000000009618      0x17c modules/iolink/libiolink_master.a(iolink_dl.c.obj)
 .text.DL_ReadWriteParam_req
                0x0000000000009794      0x160 modules/iolink/libiolink_master.a(iolink_dl.c.obj)
 .text.iolink_dl_mh_handle_com_lost
                0x00000000000098f4       0xa4 modules/iolink/libiolink_master.a(iolink_dl.c.obj)
 .text.OD_req.isra.0
                0x0000000000009998      0x11c modules/iolink/libiolink_master.a(iolink_dl.c.obj)
 .text.iolink_dl_cmd_h_sm
                0x0000000000009ab4       0xf8 modules/iolink/libiolink_master.a(iolink_dl.c.obj)
 .text.iolink_dl_ev_h_sm
                0x0000000000009bac      0x344 modules/iolink/libiolink_master.a(iolink_dl.c.obj)
 .text.start_timer_initcyc
                0x0000000000009ef0       0x50 modules/iolink/libiolink_master.a(iolink_dl.c.obj)
 .text.iolink_dl_message_h_sm_await_reply4
                0x0000000000009f40       0xbc modules/iolink/libiolink_master.a(iolink_dl.c.obj)
 .text.iolink_dl_pd_h_sm
                0x0000000000009ffc      0x294 modules/iolink/libiolink_master.a(iolink_dl.c.obj)
 .text.iolink_dl_isdu_h_sm
                0x000000000000a290      0x3f4 modules/iolink/libiolink_master.a(iolink_dl.c.obj)
 .text.iolink_dl_od_h_sm
                0x000000000000a684      0x198 modules/iolink/libiolink_master.a(iolink_dl.c.obj)
 .text.iolink_dl_message_h_sm_await_reply9
                0x000000000000a81c      0x100 modules/iolink/libiolink_master.a(iolink_dl.c.obj)
 .text.iolink_dl_message_h_sm_await_reply16
                0x000000000000a91c      0x268 modules/iolink/libiolink_master.a(iolink_dl.c.obj)
 .text.iolink_dl_message_h_sm
                0x000000000000ab84      0x59c modules/iolink/libiolink_master.a(iolink_dl.c.obj)
 .text.dl_main  0x000000000000b120      0x3a8 modules/iolink/libiolink_master.a(iolink_dl.c.obj)
 .text.DL_SetMode_req
                0x000000000000b4c8       0x7c modules/iolink/libiolink_master.a(iolink_dl.c.obj)
                0x000000000000b4c8                DL_SetMode_req
 .text.DL_Write_Devicemode_req
                0x000000000000b544       0xc8 modules/iolink/libiolink_master.a(iolink_dl.c.obj)
                0x000000000000b544                DL_Write_Devicemode_req
 .text.iolink_dl_instantiate
                0x000000000000b60c       0xa8 modules/iolink/libiolink_master.a(iolink_dl.c.obj)
                0x000000000000b60c                iolink_dl_instantiate
 .text.ds_AL_Write_cnf
                0x000000000000b6b4       0x20 modules/iolink/libiolink_master.a(iolink_ds.c.obj)
 .text.ds_AL_Read_cnf
                0x000000000000b6d4       0x2c modules/iolink/libiolink_master.a(iolink_ds.c.obj)
 .text.ds_todo  0x000000000000b700       0x28 modules/iolink/libiolink_master.a(iolink_ds.c.obj)
 .text.ds_AL_Write_ds_cmd_req
                0x000000000000b728       0x34 modules/iolink/libiolink_master.a(iolink_ds.c.obj)
 .text.ds_write_param
                0x000000000000b75c       0x64 modules/iolink/libiolink_master.a(iolink_ds.c.obj)
 .text.ds_AL_Read_req
                0x000000000000b7c0       0x28 modules/iolink/libiolink_master.a(iolink_ds.c.obj)
 .text.iolink_ds_event
                0x000000000000b7e8       0xc4 modules/iolink/libiolink_master.a(iolink_ds.c.obj)
 .text.DS_Delete
                0x000000000000b8ac       0x1c modules/iolink/libiolink_master.a(iolink_ds.c.obj)
                0x000000000000b8ac                DS_Delete
 .text.DS_Startup
                0x000000000000b8c8       0x1c modules/iolink/libiolink_master.a(iolink_ds.c.obj)
                0x000000000000b8c8                DS_Startup
 .text.DS_Upload
                0x000000000000b8e4       0x1c modules/iolink/libiolink_master.a(iolink_ds.c.obj)
                0x000000000000b8e4                DS_Upload
 .text.DS_Init  0x000000000000b900       0x2c modules/iolink/libiolink_master.a(iolink_ds.c.obj)
                0x000000000000b900                DS_Init
 .text.iolink_main
                0x000000000000b92c      0x104 modules/iolink/libiolink_master.a(iolink_main.c.obj)
 .text.SMI_common_req
                0x000000000000ba30       0x3c modules/iolink/libiolink_master.a(iolink_main.c.obj)
 .text.iolink_fetch_avail_job
                0x000000000000ba6c       0x40 modules/iolink/libiolink_master.a(iolink_main.c.obj)
                0x000000000000ba6c                iolink_fetch_avail_job
 .text.iolink_fetch_avail_api_job
                0x000000000000baac       0x40 modules/iolink/libiolink_master.a(iolink_main.c.obj)
                0x000000000000baac                iolink_fetch_avail_api_job
 .text.iolink_post_job_with_type_and_callback
                0x000000000000baec       0x38 modules/iolink/libiolink_master.a(iolink_main.c.obj)
                0x000000000000baec                iolink_post_job_with_type_and_callback
 .text.iolink_post_job_pd_event
                0x000000000000bb24       0x5c modules/iolink/libiolink_master.a(iolink_main.c.obj)
                0x000000000000bb24                iolink_post_job_pd_event
 .text.iolink_m_init
                0x000000000000bb80      0x190 modules/iolink/libiolink_master.a(iolink_main.c.obj)
                0x000000000000bb80                iolink_m_init
 .text.SMI_MasterIdentification_req
                0x000000000000bd10       0x14 modules/iolink/libiolink_master.a(iolink_main.c.obj)
                0x000000000000bd10                SMI_MasterIdentification_req
 .text.SMI_PortConfiguration_req
                0x000000000000bd24       0x14 modules/iolink/libiolink_master.a(iolink_main.c.obj)
                0x000000000000bd24                SMI_PortConfiguration_req
 .text.SMI_PortStatus_req
                0x000000000000bd38       0x14 modules/iolink/libiolink_master.a(iolink_main.c.obj)
                0x000000000000bd38                SMI_PortStatus_req
 .text.SMI_PDIn_req
                0x000000000000bd4c       0x14 modules/iolink/libiolink_master.a(iolink_main.c.obj)
                0x000000000000bd4c                SMI_PDIn_req
 .text.iolink_pl_max14819_init_sdci
                0x000000000000bd60       0xac modules/iolink/libiolink_master.a(iolink_max14819_pl.c.obj)
 .text.iolink_pl_max14819_get_error
                0x000000000000be0c       0x7c modules/iolink/libiolink_master.a(iolink_max14819_pl.c.obj)
 .text.iolink_pl_max14819_get_baudrate
                0x000000000000be88       0x64 modules/iolink/libiolink_master.a(iolink_max14819_pl.c.obj)
 .text.iolink_pl_max14819_configure_event
                0x000000000000beec       0x54 modules/iolink/libiolink_master.a(iolink_max14819_pl.c.obj)
 .text.iolink_pl_max14819_set_cycletime
                0x000000000000bf40       0x54 modules/iolink/libiolink_master.a(iolink_max14819_pl.c.obj)
 .text.iolink_pl_max14819_send_msg
                0x000000000000bf94       0x50 modules/iolink/libiolink_master.a(iolink_max14819_pl.c.obj)
 .text.iolink_pl_max14819_disable_cycle_timer
                0x000000000000bfe4       0x64 modules/iolink/libiolink_master.a(iolink_max14819_pl.c.obj)
 .text.iolink_pl_max14819_enable_cycle_timer
                0x000000000000c048       0x68 modules/iolink/libiolink_master.a(iolink_max14819_pl.c.obj)
 .text.iolink_pl_max14819_get_cycletime
                0x000000000000c0b0       0x54 modules/iolink/libiolink_master.a(iolink_max14819_pl.c.obj)
 .text.iolink_pl_max14819_set_mode
                0x000000000000c104      0x264 modules/iolink/libiolink_master.a(iolink_max14819_pl.c.obj)
 .text.iolink_14819_set_master_message.constprop.0
                0x000000000000c368      0x11c modules/iolink/libiolink_master.a(iolink_max14819_pl.c.obj)
 .text.iolink_pl_max14819_dl_msg
                0x000000000000c484       0x6c modules/iolink/libiolink_master.a(iolink_max14819_pl.c.obj)
 .text.iolink_pl_max14819_transfer_req
                0x000000000000c4f0       0x78 modules/iolink/libiolink_master.a(iolink_max14819_pl.c.obj)
 .text.iolink_pl_max14819_pl_handler
                0x000000000000c568      0x12c modules/iolink/libiolink_master.a(iolink_max14819_pl.c.obj)
 .text.iolink_pl_max14819_get_data
                0x000000000000c694      0x154 modules/iolink/libiolink_master.a(iolink_max14819_pl.c.obj)
 .text.iolink_14819_init
                0x000000000000c7e8      0x15c modules/iolink/libiolink_master.a(iolink_max14819_pl.c.obj)
                0x000000000000c7e8                iolink_14819_init
 .text.iolink_14819_isr
                0x000000000000c944       0x2c modules/iolink/libiolink_master.a(iolink_max14819_pl.c.obj)
                0x000000000000c944                iolink_14819_isr
 .text.ode_AL_Read_cnf
                0x000000000000c970       0x2c modules/iolink/libiolink_master.a(iolink_ode.c.obj)
 .text.ode_AL_Write_cnf
                0x000000000000c99c       0x20 modules/iolink/libiolink_master.a(iolink_ode.c.obj)
 .text.ode_smi_od_err
                0x000000000000c9bc       0x70 modules/iolink/libiolink_master.a(iolink_ode.c.obj)
 .text.ode_smi_done
                0x000000000000ca2c       0x74 modules/iolink/libiolink_master.a(iolink_ode.c.obj)
 .text.ode_smi_rw
                0x000000000000caa0       0x94 modules/iolink/libiolink_master.a(iolink_ode.c.obj)
 .text.iolink_ode_event
                0x000000000000cb34       0xc4 modules/iolink/libiolink_master.a(iolink_ode.c.obj)
 .text.OD_Start
                0x000000000000cbf8       0x1c modules/iolink/libiolink_master.a(iolink_ode.c.obj)
                0x000000000000cbf8                OD_Start
 .text.OD_Stop  0x000000000000cc14       0x1c modules/iolink/libiolink_master.a(iolink_ode.c.obj)
                0x000000000000cc14                OD_Stop
 .text.AL_Control_ind
                0x000000000000cc30       0x5c modules/iolink/libiolink_master.a(iolink_pde.c.obj)
                0x000000000000cc30                AL_Control_ind
 .text.sm_AL_Read_cnf
                0x000000000000cc8c       0x2c modules/iolink/libiolink_master.a(iolink_sm.c.obj)
 .text.sm_write_master_cycl_cnf
                0x000000000000ccb8       0x20 modules/iolink/libiolink_master.a(iolink_sm.c.obj)
 .text.sm_checkSerNum
                0x000000000000ccd8       0x14 modules/iolink/libiolink_master.a(iolink_sm.c.obj)
 .text.set_type_0_or_type_1_2.part.0
                0x000000000000ccec       0x28 modules/iolink/libiolink_master.a(iolink_sm.c.obj)
 .text.sm_wr_master_cycl
                0x000000000000cd14       0x70 modules/iolink/libiolink_master.a(iolink_sm.c.obj)
 .text.sm_DL_Read_Write_req
                0x000000000000cd84       0xfc modules/iolink/libiolink_master.a(iolink_sm.c.obj)
 .text.sm_DL_Write_Devicemode_req
                0x000000000000ce80       0x54 modules/iolink/libiolink_master.a(iolink_sm.c.obj)
 .text.iolink_sm_event
                0x000000000000ced4       0xc0 modules/iolink/libiolink_master.a(iolink_sm.c.obj)
 .text.sm_setportcfg_req_cb
                0x000000000000cf94       0xc8 modules/iolink/libiolink_master.a(iolink_sm.c.obj)
 .text.sm_DL_Mode_ind_cb_preop_op
                0x000000000000d05c       0x7c modules/iolink/libiolink_master.a(iolink_sm.c.obj)
 .text.sm_DL_Read_cnf_cb
                0x000000000000d0d8      0x1cc modules/iolink/libiolink_master.a(iolink_sm.c.obj)
 .text.sm_DL_Mode_ind_cb
                0x000000000000d2a4      0x210 modules/iolink/libiolink_master.a(iolink_sm.c.obj)
 .text.sm_dido  0x000000000000d4b4       0x4c modules/iolink/libiolink_master.a(iolink_sm.c.obj)
 .text.sm_DL_SetMode_req_preop_op.isra.0
                0x000000000000d500      0x26c modules/iolink/libiolink_master.a(iolink_sm.c.obj)
 .text.sm_DL_Write_cnf_cb
                0x000000000000d76c      0x1a4 modules/iolink/libiolink_master.a(iolink_sm.c.obj)
 .text.SM_Operate
                0x000000000000d910       0x1c modules/iolink/libiolink_master.a(iolink_sm.c.obj)
                0x000000000000d910                SM_Operate
 .text.SM_SetPortConfig_req
                0x000000000000d92c       0x3c modules/iolink/libiolink_master.a(iolink_sm.c.obj)
                0x000000000000d92c                SM_SetPortConfig_req
 .text.DL_Read_cnf
                0x000000000000d968       0x34 modules/iolink/libiolink_master.a(iolink_sm.c.obj)
                0x000000000000d968                DL_Read_cnf
 .text.DL_Write_cnf
                0x000000000000d99c       0x30 modules/iolink/libiolink_master.a(iolink_sm.c.obj)
                0x000000000000d99c                DL_Write_cnf
 .text.DL_Write_Devicemode_cnf
                0x000000000000d9cc       0x24 modules/iolink/libiolink_master.a(iolink_sm.c.obj)
                0x000000000000d9cc                DL_Write_Devicemode_cnf
 .text.DL_Mode_ind_baud
                0x000000000000d9f0       0x78 modules/iolink/libiolink_master.a(iolink_sm.c.obj)
                0x000000000000d9f0                DL_Mode_ind_baud
 .text.DL_Mode_ind
                0x000000000000da68       0x20 modules/iolink/libiolink_master.a(iolink_sm.c.obj)
                0x000000000000da68                DL_Mode_ind
 .text.gpio_pin_set_dt.constprop.0.isra.0
                0x000000000000da88       0x60 modules/iolink/libiolink_master.a(osal_spi.c.obj)
 .text._iolink_pl_hw_spi_init
                0x000000000000dae8       0x70 modules/iolink/libiolink_master.a(osal_spi.c.obj)
                0x000000000000dae8                _iolink_pl_hw_spi_init
 .text._iolink_pl_hw_spi_transfer
                0x000000000000db58       0x3c modules/iolink/libiolink_master.a(osal_spi.c.obj)
                0x000000000000db58                _iolink_pl_hw_spi_transfer
 .text._iolink_setup_int_zephyr
                0x000000000000db94       0xe4 modules/iolink/libiolink_master.a(osal_irq.c.obj)
                0x000000000000db94                _iolink_setup_int_zephyr
 .text.os_thread_entry
                0x000000000000dc78       0x3c modules/iolink/libiolink_master.a(osal.c.obj)
                0x000000000000dc78                os_thread_entry
 .text.os_thread_create
                0x000000000000dcb4       0x8c modules/iolink/libiolink_master.a(osal.c.obj)
                0x000000000000dcb4                os_thread_create
 .text.os_mutex_create
                0x000000000000dd40       0x34 modules/iolink/libiolink_master.a(osal.c.obj)
                0x000000000000dd40                os_mutex_create
 .text.os_usleep
                0x000000000000dd74       0x28 modules/iolink/libiolink_master.a(osal.c.obj)
                0x000000000000dd74                os_usleep
 .text.os_event_create
                0x000000000000dd9c       0x5c modules/iolink/libiolink_master.a(osal.c.obj)
                0x000000000000dd9c                os_event_create
 .text.os_timer_create
                0x000000000000ddf8       0x48 modules/iolink/libiolink_master.a(osal.c.obj)
                0x000000000000ddf8                os_timer_create
 .text.os_timer_start
                0x000000000000de40       0x48 modules/iolink/libiolink_master.a(osal.c.obj)
                0x000000000000de40                os_timer_start
 .text.z_device_state_init
                0x000000000000de88       0x44 zephyr/kernel/libkernel.a(device.c.obj)
                0x000000000000de88                z_device_state_init
 .text.z_impl_z_errno
                0x000000000000decc        0xc zephyr/kernel/libkernel.a(errno.c.obj)
                0x000000000000decc                z_impl_z_errno
 .text.k_sys_fatal_error_handler
                0x000000000000ded8       0x20 zephyr/kernel/libkernel.a(fatal.c.obj)
                0x000000000000ded8                k_sys_fatal_error_handler
 .text.z_fatal_error
                0x000000000000def8      0x114 zephyr/kernel/libkernel.a(fatal.c.obj)
                0x000000000000def8                z_fatal_error
 .text.z_sys_init_run_level
                0x000000000000e00c       0x2c zephyr/kernel/libkernel.a(init.c.obj)
 .text.bg_thread_main
                0x000000000000e038      0x10c zephyr/kernel/libkernel.a(init.c.obj)
 .text.z_bss_zero
                0x000000000000e144       0x18 zephyr/kernel/libkernel.a(init.c.obj)
                0x000000000000e144                z_bss_zero
 .text.z_init_cpu
                0x000000000000e15c       0x94 zephyr/kernel/libkernel.a(init.c.obj)
                0x000000000000e15c                z_init_cpu
 .text.z_cstart
                0x000000000000e1f0       0xe0 zephyr/kernel/libkernel.a(init.c.obj)
                0x000000000000e1f0                z_cstart
 .text.idle     0x000000000000e2d0       0x48 zephyr/kernel/libkernel.a(idle.c.obj)
                0x000000000000e2d0                idle
 .text.z_impl_k_mutex_lock
                0x000000000000e318      0x1a0 zephyr/kernel/libkernel.a(mutex.c.obj)
                0x000000000000e318                z_impl_k_mutex_lock
 .text.z_impl_k_mutex_unlock
                0x000000000000e4b8      0x120 zephyr/kernel/libkernel.a(mutex.c.obj)
                0x000000000000e4b8                z_impl_k_mutex_unlock
 .text.z_impl_k_sem_give
                0x000000000000e5d8       0xb0 zephyr/kernel/libkernel.a(sem.c.obj)
                0x000000000000e5d8                z_impl_k_sem_give
 .text.z_impl_k_sem_take
                0x000000000000e688       0xf4 zephyr/kernel/libkernel.a(sem.c.obj)
                0x000000000000e688                z_impl_k_sem_take
 .text.z_impl_k_sem_reset
                0x000000000000e77c       0x74 zephyr/kernel/libkernel.a(sem.c.obj)
                0x000000000000e77c                z_impl_k_sem_reset
 .text.z_impl_k_thread_name_set
                0x000000000000e7f0       0x20 zephyr/kernel/libkernel.a(thread.c.obj)
                0x000000000000e7f0                z_impl_k_thread_name_set
 .text.z_setup_new_thread
                0x000000000000e810       0xec zephyr/kernel/libkernel.a(thread.c.obj)
                0x000000000000e810                z_setup_new_thread
 .text.z_impl_k_thread_create
                0x000000000000e8fc       0x8c zephyr/kernel/libkernel.a(thread.c.obj)
                0x000000000000e8fc                z_impl_k_thread_create
 .text.update_cache
                0x000000000000e988       0x68 zephyr/kernel/libkernel.a(sched.c.obj)
 .text.unready_thread
                0x000000000000e9f0       0x58 zephyr/kernel/libkernel.a(sched.c.obj)
 .text.unpend_thread_no_timeout
                0x000000000000ea48       0x3c zephyr/kernel/libkernel.a(sched.c.obj)
 .text.ready_thread
                0x000000000000ea84       0x94 zephyr/kernel/libkernel.a(sched.c.obj)
 .text.z_thread_halt
                0x000000000000eb18      0x148 zephyr/kernel/libkernel.a(sched.c.obj)
 .text.move_thread_to_end_of_prio_q
                0x000000000000ec60       0xb0 zephyr/kernel/libkernel.a(sched.c.obj)
                0x000000000000ec60                move_thread_to_end_of_prio_q
 .text.z_ready_thread
                0x000000000000ed10       0x8c zephyr/kernel/libkernel.a(sched.c.obj)
                0x000000000000ed10                z_ready_thread
 .text.z_impl_k_thread_suspend
                0x000000000000ed9c       0xa0 zephyr/kernel/libkernel.a(sched.c.obj)
                0x000000000000ed9c                z_impl_k_thread_suspend
 .text.z_unpend_thread_no_timeout
                0x000000000000ee3c       0x90 zephyr/kernel/libkernel.a(sched.c.obj)
                0x000000000000ee3c                z_unpend_thread_no_timeout
 .text.z_sched_wake_thread
                0x000000000000eecc       0xc0 zephyr/kernel/libkernel.a(sched.c.obj)
                0x000000000000eecc                z_sched_wake_thread
 .text.z_pend_curr
                0x000000000000ef8c      0x10c zephyr/kernel/libkernel.a(sched.c.obj)
                0x000000000000ef8c                z_pend_curr
 .text.z_unpend1_no_timeout
                0x000000000000f098       0x9c zephyr/kernel/libkernel.a(sched.c.obj)
                0x000000000000f098                z_unpend1_no_timeout
 .text.z_unpend_first_thread
                0x000000000000f134       0xa4 zephyr/kernel/libkernel.a(sched.c.obj)
                0x000000000000f134                z_unpend_first_thread
 .text.z_thread_prio_set
                0x000000000000f1d8      0x124 zephyr/kernel/libkernel.a(sched.c.obj)
                0x000000000000f1d8                z_thread_prio_set
 .text.z_reschedule
                0x000000000000f2fc       0x8c zephyr/kernel/libkernel.a(sched.c.obj)
                0x000000000000f2fc                z_reschedule
 .text.z_sched_start
                0x000000000000f388       0xa4 zephyr/kernel/libkernel.a(sched.c.obj)
                0x000000000000f388                z_sched_start
 .text.z_reschedule_irqlock
                0x000000000000f42c       0x28 zephyr/kernel/libkernel.a(sched.c.obj)
                0x000000000000f42c                z_reschedule_irqlock
 .text.k_sched_lock
                0x000000000000f454       0xdc zephyr/kernel/libkernel.a(sched.c.obj)
                0x000000000000f454                k_sched_lock
 .text.k_sched_unlock
                0x000000000000f530       0xf8 zephyr/kernel/libkernel.a(sched.c.obj)
                0x000000000000f530                k_sched_unlock
 .text.z_sched_init
                0x000000000000f628       0x10 zephyr/kernel/libkernel.a(sched.c.obj)
                0x000000000000f628                z_sched_init
 .text.z_impl_k_yield
                0x000000000000f638      0x144 zephyr/kernel/libkernel.a(sched.c.obj)
                0x000000000000f638                z_impl_k_yield
 .text.z_tick_sleep
                0x000000000000f77c      0x144 zephyr/kernel/libkernel.a(sched.c.obj)
 .text.z_impl_k_sleep
                0x000000000000f8c0       0x6c zephyr/kernel/libkernel.a(sched.c.obj)
                0x000000000000f8c0                z_impl_k_sleep
 .text.z_impl_k_sched_current_thread_query
                0x000000000000f92c        0xc zephyr/kernel/libkernel.a(sched.c.obj)
                0x000000000000f92c                z_impl_k_sched_current_thread_query
 .text.z_thread_abort
                0x000000000000f938       0xdc zephyr/kernel/libkernel.a(sched.c.obj)
                0x000000000000f938                z_thread_abort
 .text.z_sched_waitq_walk
                0x000000000000fa14       0xb4 zephyr/kernel/libkernel.a(sched.c.obj)
                0x000000000000fa14                z_sched_waitq_walk
 .text.slice_timeout
                0x000000000000fac8       0x5c zephyr/kernel/libkernel.a(timeslicing.c.obj)
 .text.thread_is_sliceable
                0x000000000000fb24       0x3c zephyr/kernel/libkernel.a(timeslicing.c.obj)
                0x000000000000fb24                thread_is_sliceable
 .text.z_reset_time_slice
                0x000000000000fb60       0x50 zephyr/kernel/libkernel.a(timeslicing.c.obj)
                0x000000000000fb60                z_reset_time_slice
 .text.z_time_slice
                0x000000000000fbb0       0xc8 zephyr/kernel/libkernel.a(timeslicing.c.obj)
                0x000000000000fbb0                z_time_slice
 .text.z_spin_lock_valid
                0x000000000000fc78       0x1c zephyr/kernel/libkernel.a(spinlock_validate.c.obj)
                0x000000000000fc78                z_spin_lock_valid
 .text.z_spin_unlock_valid
                0x000000000000fc94       0x20 zephyr/kernel/libkernel.a(spinlock_validate.c.obj)
                0x000000000000fc94                z_spin_unlock_valid
 .text.z_spin_lock_set_owner
                0x000000000000fcb4       0x10 zephyr/kernel/libkernel.a(spinlock_validate.c.obj)
                0x000000000000fcb4                z_spin_lock_set_owner
 .text.z_data_copy
                0x000000000000fcc4       0x34 zephyr/kernel/libkernel.a(xip.c.obj)
                0x000000000000fcc4                z_data_copy
 .text.elapsed  0x000000000000fcf8       0x14 zephyr/kernel/libkernel.a(timeout.c.obj)
 .text.remove_timeout
                0x000000000000fd0c       0x38 zephyr/kernel/libkernel.a(timeout.c.obj)
 .text.next_timeout
                0x000000000000fd44       0x40 zephyr/kernel/libkernel.a(timeout.c.obj)
 .text.z_add_timeout
                0x000000000000fd84      0x18c zephyr/kernel/libkernel.a(timeout.c.obj)
                0x000000000000fd84                z_add_timeout
 .text.z_abort_timeout
                0x000000000000ff10       0x9c zephyr/kernel/libkernel.a(timeout.c.obj)
                0x000000000000ff10                z_abort_timeout
 .text.sys_clock_announce
                0x000000000000ffac      0x15c zephyr/kernel/libkernel.a(timeout.c.obj)
                0x000000000000ffac                sys_clock_announce
 .text.sys_clock_tick_get
                0x0000000000010108       0x9c zephyr/kernel/libkernel.a(timeout.c.obj)
                0x0000000000010108                sys_clock_tick_get
 .text.z_timer_expiration_handler
                0x00000000000101a4      0x170 zephyr/kernel/libkernel.a(timer.c.obj)
                0x00000000000101a4                z_timer_expiration_handler
 .text.z_impl_k_timer_start
                0x0000000000010314       0xe0 zephyr/kernel/libkernel.a(timer.c.obj)
                0x0000000000010314                z_impl_k_timer_start
 .text.k_event_post_internal
                0x00000000000103f4       0xa4 zephyr/kernel/libkernel.a(events.c.obj)
 .text.k_event_wait_internal
                0x0000000000010498      0x140 zephyr/kernel/libkernel.a(events.c.obj)
 .text.boot_banner
                0x00000000000105d8        0xc zephyr/kernel/libkernel.a(banner.c.obj)
                0x00000000000105d8                boot_banner
 .text._OffsetAbsSyms
                0x00000000000105e4        0x2 zephyr/CMakeFiles/offsets.dir/./arch/arm/core/offsets/offsets.c.obj
                0x00000000000105e4                _OffsetAbsSyms
 .text.do_smi_pdin
                0x00000000000105e6       0x28 app/libapp.a(iolink_smi.c.obj)
                0x00000000000105e6                do_smi_pdin
 .text.z_log_msg_static_create.constprop.0
                0x000000000001060e        0x6 app/libapp.a(iolink_handler.c.obj)
 .text.get_port_status
                0x0000000000010614       0x40 app/libapp.a(iolink_handler.c.obj)
                0x0000000000010614                get_port_status
 .text.iolink_config_port_dido
                0x0000000000010654       0x5e app/libapp.a(iolink_handler.c.obj)
 .text.iolink_config_port
                0x00000000000106b2       0x60 app/libapp.a(iolink_handler.c.obj)
 .text.main_handler_thread
                0x0000000000010712       0x20 app/libapp.a(iol_master_sample_app.c.obj)
                0x0000000000010712                main_handler_thread
 .text.z_cpp_init_static
                0x0000000000010732        0xe zephyr/libzephyr.a(cpp_init.c.obj)
                0x0000000000010732                z_cpp_init_static
 .text.chunk_size
                0x0000000000010740        0xa zephyr/libzephyr.a(heap.c.obj)
 .text.free_list_add
                0x000000000001074a       0x4e zephyr/libzephyr.a(heap.c.obj)
 .text.free_list_remove_bidx
                0x0000000000010798       0x3a zephyr/libzephyr.a(heap.c.obj)
 .text.free_list_remove
                0x00000000000107d2       0x1a zephyr/libzephyr.a(heap.c.obj)
 .text.alloc_chunk
                0x00000000000107ec       0x6e zephyr/libzephyr.a(heap.c.obj)
 .text.merge_chunks
                0x000000000001085a       0x2c zephyr/libzephyr.a(heap.c.obj)
 .text.split_chunks
                0x0000000000010886       0x34 zephyr/libzephyr.a(heap.c.obj)
 .text.free_chunk
                0x00000000000108ba       0x62 zephyr/libzephyr.a(heap.c.obj)
 .text.sys_heap_alloc
                0x000000000001091c       0x52 zephyr/libzephyr.a(heap.c.obj)
                0x000000000001091c                sys_heap_alloc
 .text.cbpprintf_external
                0x000000000001096e       0x62 zephyr/libzephyr.a(cbprintf_packaged.c.obj)
                0x000000000001096e                cbpprintf_external
 .text.is_ptr   0x00000000000109d0       0x4a zephyr/libzephyr.a(cbprintf_packaged.c.obj)
                0x00000000000109d0                is_ptr
 .text.arch_printk_char_out
                0x0000000000010a1a        0x4 zephyr/libzephyr.a(printk.c.obj)
                0x0000000000010a1a                arch_printk_char_out
 .text.str_out  0x0000000000010a1e       0x26 zephyr/libzephyr.a(printk.c.obj)
 .text.vprintk  0x0000000000010a44        0x4 zephyr/libzephyr.a(printk.c.obj)
                0x0000000000010a44                vprintk
 .text.printk   0x0000000000010a48       0x1a zephyr/libzephyr.a(printk.c.obj)
                0x0000000000010a48                printk
 .text.snprintk
                0x0000000000010a62       0x1a zephyr/libzephyr.a(printk.c.obj)
                0x0000000000010a62                snprintk
 .text.z_thread_entry
                0x0000000000010a7c       0x14 zephyr/libzephyr.a(thread_entry.c.obj)
                0x0000000000010a7c                z_thread_entry
 .text.encode_uint
                0x0000000000010a90       0x8c zephyr/libzephyr.a(cbprintf_complete.c.obj)
 .text.outs     0x0000000000010b1c       0x2e zephyr/libzephyr.a(cbprintf_complete.c.obj)
 .text.assert_post_action
                0x0000000000010b4a       0x12 zephyr/libzephyr.a(assert.c.obj)
                0x0000000000010b4a                assert_post_action
 .text.assert_print
                0x0000000000010b5c       0x1a zephyr/libzephyr.a(assert.c.obj)
                0x0000000000010b5c                assert_print
 .text.free_space
                0x0000000000010b76       0x26 zephyr/libzephyr.a(mpsc_pbuf.c.obj)
 .text.get_usage
                0x0000000000010b9c       0x22 zephyr/libzephyr.a(mpsc_pbuf.c.obj)
 .text.idx_inc  0x0000000000010bbe       0x1c zephyr/libzephyr.a(mpsc_pbuf.c.obj)
 .text.rd_idx_inc
                0x0000000000010bda       0x18 zephyr/libzephyr.a(mpsc_pbuf.c.obj)
 .text.add_skip_item
                0x0000000000010bf2       0x3a zephyr/libzephyr.a(mpsc_pbuf.c.obj)
 .text.drop_item_locked
                0x0000000000010c2c       0xee zephyr/libzephyr.a(mpsc_pbuf.c.obj)
 .text.post_drop_action
                0x0000000000010d1a       0x36 zephyr/libzephyr.a(mpsc_pbuf.c.obj)
 .text.max_utilization_update
                0x0000000000010d50       0x1a zephyr/libzephyr.a(mpsc_pbuf.c.obj)
 .text.mpsc_pbuf_is_pending
                0x0000000000010d6a       0x1a zephyr/libzephyr.a(mpsc_pbuf.c.obj)
                0x0000000000010d6a                mpsc_pbuf_is_pending
 .text.process_recheck
                0x0000000000010d84       0x38 zephyr/libzephyr.a(onoff.c.obj)
 .text.validate_args
                0x0000000000010dbc       0x20 zephyr/libzephyr.a(onoff.c.obj)
 .text.notify_one
                0x0000000000010ddc       0x2c zephyr/libzephyr.a(onoff.c.obj)
 .text.onoff_manager_init
                0x0000000000010e08       0x26 zephyr/libzephyr.a(onoff.c.obj)
                0x0000000000010e08                onoff_manager_init
 .text.sys_notify_validate
                0x0000000000010e2e       0x22 zephyr/libzephyr.a(notify.c.obj)
                0x0000000000010e2e                sys_notify_validate
 .text._ConfigAbsSyms
                0x0000000000010e50        0x2 zephyr/libzephyr.a(configs.c.obj)
                0x0000000000010e50                _ConfigAbsSyms
 .text.log_msg_generic_get_wlen
                0x0000000000010e52       0x20 zephyr/libzephyr.a(log_core.c.obj)
 .text.dummy_timestamp
                0x0000000000010e72        0x4 zephyr/libzephyr.a(log_core.c.obj)
 .text.default_get_timestamp
                0x0000000000010e76        0x4 zephyr/libzephyr.a(log_core.c.obj)
 .text.atomic_inc
                0x0000000000010e7a       0x1a zephyr/libzephyr.a(log_core.c.obj)
 .text.z_log_vprintk
                0x0000000000010e94       0x1c zephyr/libzephyr.a(log_core.c.obj)
                0x0000000000010e94                z_log_vprintk
 .text.z_log_notify_drop
                0x0000000000010eb0        0x6 zephyr/libzephyr.a(log_core.c.obj)
 .text.z_log_get_tag
                0x0000000000010eb6        0x4 zephyr/libzephyr.a(log_core.c.obj)
                0x0000000000010eb6                z_log_get_tag
 .text.z_cbprintf_cpy
                0x0000000000010eba       0x2c zephyr/libzephyr.a(log_msg.c.obj)
 .text.z_log_msg_finalize
                0x0000000000010ee6       0x32 zephyr/libzephyr.a(log_msg.c.obj)
                0x0000000000010ee6                z_log_msg_finalize
 .text.z_log_msg_simple_create
                0x0000000000010f18       0x6e zephyr/libzephyr.a(log_msg.c.obj)
 .text.z_impl_z_log_msg_simple_create_0
                0x0000000000010f86       0x12 zephyr/libzephyr.a(log_msg.c.obj)
                0x0000000000010f86                z_impl_z_log_msg_simple_create_0
 .text.z_impl_z_log_msg_simple_create_1
                0x0000000000010f98       0x14 zephyr/libzephyr.a(log_msg.c.obj)
                0x0000000000010f98                z_impl_z_log_msg_simple_create_1
 .text.z_impl_z_log_msg_simple_create_2
                0x0000000000010fac       0x18 zephyr/libzephyr.a(log_msg.c.obj)
                0x0000000000010fac                z_impl_z_log_msg_simple_create_2
 .text.buffer_write
                0x0000000000010fc4       0x1a zephyr/libzephyr.a(log_output.c.obj)
 .text.cbvprintf
                0x0000000000010fde        0xe zephyr/libzephyr.a(log_output.c.obj)
 .text.log_output_flush
                0x0000000000010fec       0x1a zephyr/libzephyr.a(log_output.c.obj)
                0x0000000000010fec                log_output_flush
 .text.cr_out_func
                0x0000000000011006       0x1c zephyr/libzephyr.a(log_output.c.obj)
 .text.log_output_msg_process
                0x0000000000011022       0x6a zephyr/libzephyr.a(log_output.c.obj)
                0x0000000000011022                log_output_msg_process
 .text.format_set
                0x000000000001108c        0xc zephyr/libzephyr.a(log_backend_uart.c.obj)
 .text.panic    0x0000000000011098       0x10 zephyr/libzephyr.a(log_backend_uart.c.obj)
 .text.dropped  0x00000000000110a8        0xa zephyr/libzephyr.a(log_backend_uart.c.obj)
 .text.process  0x00000000000110b2       0x1e zephyr/libzephyr.a(log_backend_uart.c.obj)
 .text.z_do_kernel_oops
                0x00000000000110d0        0x8 zephyr/arch/arch/arm/core/libarch__arm__core.a(fatal.c.obj)
                0x00000000000110d0                z_do_kernel_oops
 .text.z_arm_nmi
                0x00000000000110d8        0xe zephyr/arch/arch/arm/core/libarch__arm__core.a(nmi.c.obj)
                0x00000000000110d8                z_arm_nmi
 .text.z_log_msg_simple_create_0.constprop.0
                0x00000000000110e6        0x8 zephyr/arch/arch/arm/core/cortex_m/libarch__arm__core__cortex_m.a(fault.c.obj)
 .text.z_irq_spurious
                0x00000000000110ee        0x8 zephyr/arch/arch/arm/core/cortex_m/libarch__arm__core__cortex_m.a(irq_manage.c.obj)
                0x00000000000110ee                z_irq_spurious
 .text.arch_irq_unlock_outlined
                0x00000000000110f6        0xe zephyr/arch/arch/arm/core/cortex_m/libarch__arm__core__cortex_m.a(thread.c.obj)
                0x00000000000110f6                arch_irq_unlock_outlined
 .text.arch_cpu_idle
                0x0000000000011104       0x1a zephyr/arch/arch/arm/core/cortex_m/libarch__arm__core__cortex_m.a(cpu_idle.c.obj)
                0x0000000000011104                arch_cpu_idle
 .text.arch_cpu_atomic_idle
                0x000000000001111e       0x1e zephyr/arch/arch/arm/core/cortex_m/libarch__arm__core__cortex_m.a(cpu_idle.c.obj)
                0x000000000001111e                arch_cpu_atomic_idle
 .text.size_to_mpu_rasr_size
                0x000000000001113c       0x20 zephyr/arch/arch/arm/core/mpu/libarch__arm__core__mpu.a(arm_mpu.c.obj)
 .text.strncpy  0x000000000001115c       0x28 zephyr/lib/libc/minimal/liblib__libc__minimal.a(string.c.obj)
                0x000000000001115c                strncpy
 .text.strlen   0x0000000000011184        0xe zephyr/lib/libc/minimal/liblib__libc__minimal.a(string.c.obj)
                0x0000000000011184                strlen
 .text.memcmp   0x0000000000011192       0x20 zephyr/lib/libc/minimal/liblib__libc__minimal.a(string.c.obj)
                0x0000000000011192                memcmp
 .text.memcpy   0x00000000000111b2       0x16 zephyr/lib/libc/minimal/liblib__libc__minimal.a(string.c.obj)
                0x00000000000111b2                memcpy
 .text.memset   0x00000000000111c8       0x12 zephyr/lib/libc/minimal/liblib__libc__minimal.a(string.c.obj)
                0x00000000000111c8                memset
 .text._stdout_hook_default
                0x00000000000111da        0x6 zephyr/lib/libc/minimal/liblib__libc__minimal.a(stdout_console.c.obj)
 .text.sprintf_out
                0x00000000000111e0       0x1a zephyr/lib/libc/minimal/liblib__libc__minimal.a(sprintf.c.obj)
 .text.calloc   0x00000000000111fa       0x2c zephyr/lib/libc/common/liblib__libc__common.a(malloc.c.obj)
                0x00000000000111fa                calloc
 .text.strnlen  0x0000000000011226       0x12 zephyr/lib/libc/common/liblib__libc__common.a(strnlen.c.obj)
                0x0000000000011226                strnlen
 .text.async_start
                0x0000000000011238       0x5a zephyr/drivers/clock_control/libdrivers__clock_control.a(clock_control_nrf.c.obj)
 .text.api_start
                0x0000000000011292        0xe zephyr/drivers/clock_control/libdrivers__clock_control.a(clock_control_nrf.c.obj)
 .text.onoff_started_callback
                0x00000000000112a0        0xc zephyr/drivers/clock_control/libdrivers__clock_control.a(clock_control_nrf.c.obj)
 .text.lfclk_start
                0x00000000000112ac        0x6 zephyr/drivers/clock_control/libdrivers__clock_control.a(clock_control_nrf.c.obj)
 .text.lfclk_stop
                0x00000000000112b2        0x6 zephyr/drivers/clock_control/libdrivers__clock_control.a(clock_control_nrf.c.obj)
 .text.blocking_start_callback
                0x00000000000112b8        0x6 zephyr/drivers/clock_control/libdrivers__clock_control.a(clock_control_nrf.c.obj)
 .text.api_stop
                0x00000000000112be        0x6 zephyr/drivers/clock_control/libdrivers__clock_control.a(clock_control_nrf.c.obj)
 .text.gpio_nrfx_port_get_raw
                0x00000000000112c4        0xe zephyr/drivers/gpio/libdrivers__gpio.a(gpio_nrfx.c.obj)
 .text.gpio_nrfx_port_set_masked_raw
                0x00000000000112d2       0x18 zephyr/drivers/gpio/libdrivers__gpio.a(gpio_nrfx.c.obj)
 .text.gpio_nrfx_port_set_bits_raw
                0x00000000000112ea        0xc zephyr/drivers/gpio/libdrivers__gpio.a(gpio_nrfx.c.obj)
 .text.gpio_nrfx_port_clear_bits_raw
                0x00000000000112f6        0xc zephyr/drivers/gpio/libdrivers__gpio.a(gpio_nrfx.c.obj)
 .text.gpio_nrfx_port_toggle_bits
                0x0000000000011302       0x1a zephyr/drivers/gpio/libdrivers__gpio.a(gpio_nrfx.c.obj)
 .text.pinctrl_lookup_state
                0x000000000001131c       0x26 zephyr/drivers/pinctrl/libdrivers__pinctrl.a(common.c.obj)
                0x000000000001131c                pinctrl_lookup_state
 .text.uarte_nrfx_err_check
                0x0000000000011342        0xe zephyr/drivers/serial/libdrivers__serial.a(uart_nrfx_uarte.c.obj)
 .text.uarte_nrfx_poll_in
                0x0000000000011350       0x28 zephyr/drivers/serial/libdrivers__serial.a(uart_nrfx_uarte.c.obj)
 .text.is_tx_ready.isra.0
                0x0000000000011378       0x20 zephyr/drivers/serial/libdrivers__serial.a(uart_nrfx_uarte.c.obj)
 .text.uarte_nrfx_isr_int
                0x0000000000011398       0x6e zephyr/drivers/serial/libdrivers__serial.a(uart_nrfx_uarte.c.obj)
 .text.z_log_msg_simple_create_0
                0x0000000000011406        0x4 zephyr/drivers/spi/libdrivers__spi.a(spi_nrfx_spi.c.obj)
 .text.irq_connect1
                0x000000000001140a        0xa zephyr/drivers/spi/libdrivers__spi.a(spi_nrfx_spi.c.obj)
 .text.spi_context_get_next_buf.constprop.0
                0x0000000000011414       0x26 zephyr/drivers/spi/libdrivers__spi.a(spi_nrfx_spi.c.obj)
 .text._spi_context_cs_control
                0x000000000001143a       0x42 zephyr/drivers/spi/libdrivers__spi.a(spi_nrfx_spi.c.obj)
 .text.spi_context_unlock_unconditionally
                0x000000000001147c       0x20 zephyr/drivers/spi/libdrivers__spi.a(spi_nrfx_spi.c.obj)
 .text.spi_nrfx_release
                0x000000000001149c       0x24 zephyr/drivers/spi/libdrivers__spi.a(spi_nrfx_spi.c.obj)
 .text.z_log_msg_simple_create_0
                0x00000000000114c0        0x4 zephyr/drivers/spi/libdrivers__spi.a(spi_nrfx_spim.c.obj)
 .text.irq_connect3
                0x00000000000114c4        0xa zephyr/drivers/spi/libdrivers__spi.a(spi_nrfx_spim.c.obj)
 .text.spi_context_get_next_buf.constprop.0
                0x00000000000114ce       0x26 zephyr/drivers/spi/libdrivers__spi.a(spi_nrfx_spim.c.obj)
 .text._spi_context_cs_control
                0x00000000000114f4       0x42 zephyr/drivers/spi/libdrivers__spi.a(spi_nrfx_spim.c.obj)
 .text.spi_context_unlock_unconditionally
                0x0000000000011536       0x20 zephyr/drivers/spi/libdrivers__spi.a(spi_nrfx_spim.c.obj)
 .text.spi_nrfx_release
                0x0000000000011556       0x24 zephyr/drivers/spi/libdrivers__spi.a(spi_nrfx_spim.c.obj)
 .text.sys_clock_cycle_get_32
                0x000000000001157a        0x8 zephyr/drivers/timer/libdrivers__timer.a(nrf_rtc_timer.c.obj)
                0x000000000001157a                sys_clock_cycle_get_32
 .text.nrfx_isr
                0x0000000000011582        0x2 modules/hal_nordic/nrfx/libmodules__hal_nordic__nrfx.a(nrfx_glue.c.obj)
                0x0000000000011582                nrfx_isr
 .text.nrfx_busy_wait
                0x0000000000011584        0x4 modules/hal_nordic/nrfx/libmodules__hal_nordic__nrfx.a(nrfx_glue.c.obj)
                0x0000000000011584                nrfx_busy_wait
 .text.nrfx_gppi_channel_endpoints_setup
                0x0000000000011588       0x14 modules/hal_nordic/nrfx/libmodules__hal_nordic__nrfx.a(nrfx_gppi_ppi.c.obj)
                0x0000000000011588                nrfx_gppi_channel_endpoints_setup
 .text.nrf_gpio_pin_present_check
                0x000000000001159c       0x24 modules/hal_nordic/nrfx/libmodules__hal_nordic__nrfx.a(nrfx_gpiote.c.obj)
 .text.nrf_gpio_reconfigure
                0x00000000000115c0       0x9a modules/hal_nordic/nrfx/libmodules__hal_nordic__nrfx.a(nrfx_gpiote.c.obj)
 .text.nrf_gpio_cfg_sense_set
                0x000000000001165a       0x1e modules/hal_nordic/nrfx/libmodules__hal_nordic__nrfx.a(nrfx_gpiote.c.obj)
 .text.pin_is_task_output.isra.0
                0x0000000000011678       0x16 modules/hal_nordic/nrfx/libmodules__hal_nordic__nrfx.a(nrfx_gpiote.c.obj)
 .text.pin_trigger_disable
                0x000000000001168e       0x48 modules/hal_nordic/nrfx/libmodules__hal_nordic__nrfx.a(nrfx_gpiote.c.obj)
 .text.nrfx_gpiote_pin_uninit
                0x00000000000116d6        0x4 modules/hal_nordic/nrfx/libmodules__hal_nordic__nrfx.a(nrfx_gpiote.c.obj)
                0x00000000000116d6                nrfx_gpiote_pin_uninit
 .text.nrfx_gpiote_trigger_disable
                0x00000000000116da        0x4 modules/hal_nordic/nrfx/libmodules__hal_nordic__nrfx.a(nrfx_gpiote.c.obj)
                0x00000000000116da                nrfx_gpiote_trigger_disable
 .text.nrfx_gpiote_in_event_get
                0x00000000000116de        0x6 modules/hal_nordic/nrfx/libmodules__hal_nordic__nrfx.a(nrfx_gpiote.c.obj)
                0x00000000000116de                nrfx_gpiote_in_event_get
 .text.transfer_byte
                0x00000000000116e4       0x66 modules/hal_nordic/nrfx/libmodules__hal_nordic__nrfx.a(nrfx_spi.c.obj)
 .text.nrf_gpio_pin_clear
                0x000000000001174a       0x1a modules/hal_nordic/nrfx/libmodules__hal_nordic__nrfx.a(nrfx_spi.c.obj)
 .text.nrf_gpio_pin_set
                0x0000000000011764       0x1a modules/hal_nordic/nrfx/libmodules__hal_nordic__nrfx.a(nrfx_spi.c.obj)
 .text.__nrfy_internal_spim_event_handle
                0x000000000001177e       0x2a modules/hal_nordic/nrfx/libmodules__hal_nordic__nrfx.a(nrfx_spim.c.obj)
 .text.__nrfy_internal_spim_events_process
                0x00000000000117a8       0x7c modules/hal_nordic/nrfx/libmodules__hal_nordic__nrfx.a(nrfx_spim.c.obj)
 .text.spim_abort
                0x0000000000011824       0x2c modules/hal_nordic/nrfx/libmodules__hal_nordic__nrfx.a(nrfx_spim.c.obj)
 .text.nrf_gpio_pin_set
                0x0000000000011850       0x1a modules/hal_nordic/nrfx/libmodules__hal_nordic__nrfx.a(nrfx_spim.c.obj)
 .text.nrf_gpio_pin_clear
                0x000000000001186a       0x1a modules/hal_nordic/nrfx/libmodules__hal_nordic__nrfx.a(nrfx_spim.c.obj)
 .text.SEGGER_RTT_Init
                0x0000000000011884        0x4 modules/segger/libmodules__segger.a(SEGGER_RTT.c.obj)
                0x0000000000011884                SEGGER_RTT_Init
 .text.rtt_init
                0x0000000000011888        0xa modules/segger/libmodules__segger.a(SEGGER_RTT_zephyr.c.obj)
 .text.al_od_send_abort_al_cnf
                0x0000000000011892        0x4 modules/iolink/libiolink_master.a(iolink_al.c.obj)
 .text.dl_control_ind_cb
                0x0000000000011896        0x8 modules/iolink/libiolink_master.a(iolink_al.c.obj)
 .text.al_od_param_next_rw
                0x000000000001189e        0x4 modules/iolink/libiolink_master.a(iolink_al.c.obj)
 .text.al_event_wait_read
                0x00000000000118a2        0x4 modules/iolink/libiolink_master.a(iolink_al.c.obj)
 .text.al_read_write_cb
                0x00000000000118a6       0x1c modules/iolink/libiolink_master.a(iolink_al.c.obj)
 .text.al_dl_readparam_cnf_cb
                0x00000000000118c2       0x2e modules/iolink/libiolink_master.a(iolink_al.c.obj)
 .text.al_dl_writeparam_cnf_cb